Archive member included to satisfy reference by file (symbol)

c:/bin/pico_sdk_v1.5.0/gcc-arm-none-eabi/bin/../lib/gcc/arm-none-eabi/10.3.1/thumb/v6-m/nofp\libgcc.a(_dvmd_tls.o)
                              CMakeFiles/blink.dir/C_/bin/Pico_SDK_v1.5.0/pico-sdk/src/rp2_common/pico_divider/divider.S.obj (__aeabi_idiv0)
c:/bin/pico_sdk_v1.5.0/gcc-arm-none-eabi/bin/../lib/gcc/arm-none-eabi/10.3.1/../../../../arm-none-eabi/lib/thumb/v6-m/nofp\libg.a(lib_a-calloc.o)
                              CMakeFiles/blink.dir/C_/bin/Pico_SDK_v1.5.0/pico-sdk/src/rp2_common/pico_malloc/pico_malloc.c.obj (calloc)
c:/bin/pico_sdk_v1.5.0/gcc-arm-none-eabi/bin/../lib/gcc/arm-none-eabi/10.3.1/../../../../arm-none-eabi/lib/thumb/v6-m/nofp\libg.a(lib_a-callocr.o)
                              c:/bin/pico_sdk_v1.5.0/gcc-arm-none-eabi/bin/../lib/gcc/arm-none-eabi/10.3.1/../../../../arm-none-eabi/lib/thumb/v6-m/nofp\libg.a(lib_a-calloc.o) (_calloc_r)
c:/bin/pico_sdk_v1.5.0/gcc-arm-none-eabi/bin/../lib/gcc/arm-none-eabi/10.3.1/../../../../arm-none-eabi/lib/thumb/v6-m/nofp\libg.a(lib_a-errno.o)
                              c:/bin/pico_sdk_v1.5.0/gcc-arm-none-eabi/bin/../lib/gcc/arm-none-eabi/10.3.1/../../../../arm-none-eabi/lib/thumb/v6-m/nofp\libg.a(lib_a-callocr.o) (__errno)
c:/bin/pico_sdk_v1.5.0/gcc-arm-none-eabi/bin/../lib/gcc/arm-none-eabi/10.3.1/../../../../arm-none-eabi/lib/thumb/v6-m/nofp\libg.a(lib_a-impure.o)
                              c:/bin/pico_sdk_v1.5.0/gcc-arm-none-eabi/bin/../lib/gcc/arm-none-eabi/10.3.1/../../../../arm-none-eabi/lib/thumb/v6-m/nofp\libg.a(lib_a-calloc.o) (_impure_ptr)
c:/bin/pico_sdk_v1.5.0/gcc-arm-none-eabi/bin/../lib/gcc/arm-none-eabi/10.3.1/../../../../arm-none-eabi/lib/thumb/v6-m/nofp\libg.a(lib_a-init.o)
                              c:/bin/pico_sdk_v1.5.0/gcc-arm-none-eabi/bin/../lib/gcc/arm-none-eabi/10.3.1/../../../../arm-none-eabi/lib/thumb/v6-m/nofp/crt0.o (__libc_init_array)
c:/bin/pico_sdk_v1.5.0/gcc-arm-none-eabi/bin/../lib/gcc/arm-none-eabi/10.3.1/../../../../arm-none-eabi/lib/thumb/v6-m/nofp\libg.a(lib_a-malloc.o)
                              CMakeFiles/blink.dir/C_/bin/Pico_SDK_v1.5.0/pico-sdk/src/rp2_common/pico_malloc/pico_malloc.c.obj (malloc)
c:/bin/pico_sdk_v1.5.0/gcc-arm-none-eabi/bin/../lib/gcc/arm-none-eabi/10.3.1/../../../../arm-none-eabi/lib/thumb/v6-m/nofp\libg.a(lib_a-mallocr.o)
                              c:/bin/pico_sdk_v1.5.0/gcc-arm-none-eabi/bin/../lib/gcc/arm-none-eabi/10.3.1/../../../../arm-none-eabi/lib/thumb/v6-m/nofp\libg.a(lib_a-callocr.o) (_malloc_r)
c:/bin/pico_sdk_v1.5.0/gcc-arm-none-eabi/bin/../lib/gcc/arm-none-eabi/10.3.1/../../../../arm-none-eabi/lib/thumb/v6-m/nofp\libg.a(lib_a-mlock.o)
                              c:/bin/pico_sdk_v1.5.0/gcc-arm-none-eabi/bin/../lib/gcc/arm-none-eabi/10.3.1/../../../../arm-none-eabi/lib/thumb/v6-m/nofp\libg.a(lib_a-mallocr.o) (__malloc_lock)
c:/bin/pico_sdk_v1.5.0/gcc-arm-none-eabi/bin/../lib/gcc/arm-none-eabi/10.3.1/../../../../arm-none-eabi/lib/thumb/v6-m/nofp\libg.a(lib_a-realloc.o)
                              CMakeFiles/blink.dir/C_/bin/Pico_SDK_v1.5.0/pico-sdk/src/rp2_common/pico_malloc/pico_malloc.c.obj (realloc)
c:/bin/pico_sdk_v1.5.0/gcc-arm-none-eabi/bin/../lib/gcc/arm-none-eabi/10.3.1/../../../../arm-none-eabi/lib/thumb/v6-m/nofp\libg.a(lib_a-reallocr.o)
                              c:/bin/pico_sdk_v1.5.0/gcc-arm-none-eabi/bin/../lib/gcc/arm-none-eabi/10.3.1/../../../../arm-none-eabi/lib/thumb/v6-m/nofp\libg.a(lib_a-realloc.o) (_realloc_r)
c:/bin/pico_sdk_v1.5.0/gcc-arm-none-eabi/bin/../lib/gcc/arm-none-eabi/10.3.1/../../../../arm-none-eabi/lib/thumb/v6-m/nofp\libg.a(lib_a-sbrkr.o)
                              c:/bin/pico_sdk_v1.5.0/gcc-arm-none-eabi/bin/../lib/gcc/arm-none-eabi/10.3.1/../../../../arm-none-eabi/lib/thumb/v6-m/nofp\libg.a(lib_a-mallocr.o) (_sbrk_r)
c:/bin/pico_sdk_v1.5.0/gcc-arm-none-eabi/bin/../lib/gcc/arm-none-eabi/10.3.1/../../../../arm-none-eabi/lib/thumb/v6-m/nofp\libg.a(lib_a-strlen-stub.o)
                              CMakeFiles/blink.dir/C_/bin/Pico_SDK_v1.5.0/pico-sdk/src/rp2_common/pico_stdio/stdio.c.obj (strlen)
c:/bin/pico_sdk_v1.5.0/gcc-arm-none-eabi/bin/../lib/gcc/arm-none-eabi/10.3.1/../../../../arm-none-eabi/lib/thumb/v6-m/nofp\libg.a(lib_a-freer.o)
                              c:/bin/pico_sdk_v1.5.0/gcc-arm-none-eabi/bin/../lib/gcc/arm-none-eabi/10.3.1/../../../../arm-none-eabi/lib/thumb/v6-m/nofp\libg.a(lib_a-malloc.o) (_free_r)
c:/bin/pico_sdk_v1.5.0/gcc-arm-none-eabi/bin/../lib/gcc/arm-none-eabi/10.3.1/../../../../arm-none-eabi/lib/thumb/v6-m/nofp\libg.a(lib_a-lock.o)
                              c:/bin/pico_sdk_v1.5.0/gcc-arm-none-eabi/bin/../lib/gcc/arm-none-eabi/10.3.1/../../../../arm-none-eabi/lib/thumb/v6-m/nofp\libg.a(lib_a-mlock.o) (__retarget_lock_acquire_recursive)
c:/bin/pico_sdk_v1.5.0/gcc-arm-none-eabi/bin/../lib/gcc/arm-none-eabi/10.3.1/../../../../arm-none-eabi/lib/thumb/v6-m/nofp\libg.a(lib_a-memmove.o)
[...]
Memory Configuration

Name             Origin             Length             Attributes
FLASH            0x10000000         0x00200000         xr
RAM              0x20000000         0x00040000         xrw
SCRATCH_X        0x20040000         0x00001000         xrw
SCRATCH_Y        0x20041000         0x00001000         xrw
*default*        0x00000000         0xffffffff

Linker script and memory map

LOAD c:/bin/pico_sdk_v1.5.0/gcc-arm-none-eabi/bin/../lib/gcc/arm-none-eabi/10.3.1/thumb/v6-m/nofp/crti.o
LOAD c:/bin/pico_sdk_v1.5.0/gcc-arm-none-eabi/bin/../lib/gcc/arm-none-eabi/10.3.1/thumb/v6-m/nofp/crtbegin.o
LOAD c:/bin/pico_sdk_v1.5.0/gcc-arm-none-eabi/bin/../lib/gcc/arm-none-eabi/10.3.1/../../../../arm-none-eabi/lib/thumb/v6-m/nofp/crt0.o

.flash_begin    0x10000000        0x0
                0x10000000                __flash_binary_start = .

.boot2          0x10000000      0x100
                0x10000000                __boot2_start__ = .
 *(.boot2)
 .boot2         0x10000000      0x100 C:\Windows\TEMP\ccoTj7jN.o
                0x10000100                __boot2_end__ = .
                0x00000001                ASSERT (((__boot2_end__ - __boot2_start__) == 0x100), ERROR: Pico second stage bootloader must be 256 bytes in size)

.text           0x10000100     0x4698
                0x10000100                __logical_binary_start = .
 *(.vectors)
 .vectors       0x10000100       0xd4 CMakeFiles/blink.dir/C_/bin/Pico_SDK_v1.5.0/pico-sdk/src/rp2_common/pico_standard_link/crt0.S.obj
                0x10000100                __VECTOR_TABLE
                0x10000100                __vectors
                0x100001c0                isr_invalid
                0x100001c0                __default_isrs_start
                0x100001c2                isr_nmi
                0x100001c4                isr_hardfault
                0x100001c6                isr_svcall
                0x100001c8                isr_pendsv
                0x100001ca                isr_systick
                0x100001cc                isr_irq23
                0x100001cc                isr_irq18
                0x100001cc                isr_irq11
                0x100001cc                isr_irq28
                0x100001cc                isr_irq19
                0x100001cc                isr_irq0
                0x100001cc                isr_irq6
                0x100001cc                isr_irq5
                0x100001cc                isr_irq12
                0x100001cc                isr_irq22
                0x100001cc                isr_irq31
                0x100001cc                isr_irq17
                0x100001cc                isr_irq27
                0x100001cc                isr_irq30
                0x100001cc                isr_irq2
                0x100001cc                isr_irq10
                0x100001cc                isr_irq8
                0x100001cc                isr_irq24
                0x100001cc                isr_irq1
                0x100001cc                isr_irq7
                0x100001cc                isr_irq21
                0x100001cc                isr_irq20
                0x100001cc                isr_irq15
                0x100001cc                isr_irq25
                0x100001cc                isr_irq13
                0x100001cc                __unhandled_user_irq
                0x100001cc                isr_irq4
                0x100001cc                isr_irq16
                0x100001cc                isr_irq29
                0x100001cc                isr_irq26
                0x100001cc                __default_isrs_end
                0x100001cc                isr_irq3
                0x100001cc                isr_irq14
                0x100001cc                isr_irq9
                0x100001d2                unhandled_user_irq_num_in_r0
 *(.binary_info_header)
 .binary_info_header
                0x100001d4       0x14 CMakeFiles/blink.dir/C_/bin/Pico_SDK_v1.5.0/pico-sdk/src/rp2_common/pico_standard_link/crt0.S.obj
                0x100001e8                __binary_info_header_end = .
 *(.reset)
 .reset         0x100001e8       0xa0 CMakeFiles/blink.dir/C_/bin/Pico_SDK_v1.5.0/pico-sdk/src/rp2_common/pico_standard_link/crt0.S.obj
                0x100001e8                _entry_point
 .reset         0x10000288       0x30 CMakeFiles/blink.dir/C_/bin/Pico_SDK_v1.5.0/pico-sdk/src/rp2_common/pico_standard_link/binary_info.c.obj
 *(.init)
 .init          0x100002b8        0x4 c:/bin/pico_sdk_v1.5.0/gcc-arm-none-eabi/bin/../lib/gcc/arm-none-eabi/10.3.1/thumb/v6-m/nofp/crti.o
                0x100002b8                _init
 *(EXCLUDE_FILE(*libm.a: *libc.a:*lib_a-mem*.o *libgcc.a:) .text*)
 .text          0x100002bc       0x48 c:/bin/pico_sdk_v1.5.0/gcc-arm-none-eabi/bin/../lib/gcc/arm-none-eabi/10.3.1/thumb/v6-m/nofp/crtbegin.o
 .text.piezo_interrupt
                0x10000304       0x18 CMakeFiles/blink.dir/main.c.obj
                0x10000304                piezo_interrupt
 .text.initialize_gpio
                0x1000031c       0xa8 CMakeFiles/blink.dir/main.c.obj
                0x1000031c                initialize_gpio
 .text.activate_motor_step
                0x100003c4       0xa0 CMakeFiles/blink.dir/main.c.obj
                0x100003c4                activate_motor_step
 .text.calibrate_motor
                0x10000464       0xa0 CMakeFiles/blink.dir/main.c.obj
                0x10000464                calibrate_motor
 .text.run_motor
                0x10000504       0x1c CMakeFiles/blink.dir/main.c.obj
                0x10000504                run_motor
 .text.idle_mode
                0x10000520       0x1c CMakeFiles/blink.dir/main.c.obj
                0x10000520                idle_mode
 .text.calibrating
                0x1000053c       0x14 CMakeFiles/blink.dir/main.c.obj
                0x1000053c                calibrating
 .text.handle_error
                0x10000550       0x26 CMakeFiles/blink.dir/main.c.obj
                0x10000550                handle_error
 *fill*         0x10000576        0x2 
 .text.dispensing_pills
                0x10000578       0xf4 CMakeFiles/blink.dir/main.c.obj
                0x10000578                dispensing_pills
 .text.main     0x1000066c       0x5c CMakeFiles/blink.dir/main.c.obj
                0x1000066c                main
 .text.gpio_set_function
                0x100006c8       0x30 CMakeFiles/blink.dir/C_/bin/Pico_SDK_v1.5.0/pico-sdk/src/rp2_common/hardware_gpio/gpio.c.obj
                0x100006c8                gpio_set_function
 .text.gpio_set_pulls
                0x100006f8       0x34 CMakeFiles/blink.dir/C_/bin/Pico_SDK_v1.5.0/pico-sdk/src/rp2_common/hardware_gpio/gpio.c.obj
                0x100006f8                gpio_set_pulls
 .text.gpio_set_irq_callback
                0x1000072c       0x48 CMakeFiles/blink.dir/C_/bin/Pico_SDK_v1.5.0/pico-sdk/src/rp2_common/hardware_gpio/gpio.c.obj
                0x1000072c                gpio_set_irq_callback
 .text.gpio_acknowledge_irq
                0x10000774       0x18 CMakeFiles/blink.dir/C_/bin/Pico_SDK_v1.5.0/pico-sdk/src/rp2_common/hardware_gpio/gpio.c.obj
                0x10000774                gpio_acknowledge_irq
 .text._gpio_set_irq_enabled
                0x1000078c       0x34 CMakeFiles/blink.dir/C_/bin/Pico_SDK_v1.5.0/pico-sdk/src/rp2_common/hardware_gpio/gpio.c.obj
 .text.gpio_set_irq_enabled
                0x100007c0       0x20 CMakeFiles/blink.dir/C_/bin/Pico_SDK_v1.5.0/pico-sdk/src/rp2_common/hardware_gpio/gpio.c.obj
                0x100007c0                gpio_set_irq_enabled
 .text.gpio_set_irq_enabled_with_callback
                0x100007e0       0x20 CMakeFiles/blink.dir/C_/bin/Pico_SDK_v1.5.0/pico-sdk/src/rp2_common/hardware_gpio/gpio.c.obj
                0x100007e0                gpio_set_irq_enabled_with_callback
 .text.gpio_default_irq_handler
                0x10000800       0x98 CMakeFiles/blink.dir/C_/bin/Pico_SDK_v1.5.0/pico-sdk/src/rp2_common/hardware_gpio/gpio.c.obj
 .text.gpio_init
                0x10000898       0x16 CMakeFiles/blink.dir/C_/bin/Pico_SDK_v1.5.0/pico-sdk/src/rp2_common/hardware_gpio/gpio.c.obj
                0x10000898                gpio_init
 *fill*         0x100008ae        0x2 
 .text.running_on_fpga
                0x100008b0       0x14 CMakeFiles/blink.dir/C_/bin/Pico_SDK_v1.5.0/pico-sdk/src/rp2_common/pico_platform/platform.c.obj
                0x100008b0                running_on_fpga
 .text.hw_claim_lock
                0x100008c4       0x18 CMakeFiles/blink.dir/C_/bin/Pico_SDK_v1.5.0/pico-sdk/src/rp2_common/hardware_claim/claim.c.obj
                0x100008c4                hw_claim_lock
 .text.hw_claim_unlock
                0x100008dc       0x14 CMakeFiles/blink.dir/C_/bin/Pico_SDK_v1.5.0/pico-sdk/src/rp2_common/hardware_claim/claim.c.obj
                0x100008dc                hw_claim_unlock
 .text.hw_claim_or_assert
                0x100008f0       0x32 CMakeFiles/blink.dir/C_/bin/Pico_SDK_v1.5.0/pico-sdk/src/rp2_common/hardware_claim/claim.c.obj
                0x100008f0                hw_claim_or_assert
 *fill*         0x10000922        0x2 
 .text.spin_locks_reset
                0x10000924       0x20 CMakeFiles/blink.dir/C_/bin/Pico_SDK_v1.5.0/pico-sdk/src/rp2_common/hardware_sync/sync.c.obj
                0x10000924                spin_locks_reset
 .text.next_striped_spin_lock_num
                0x10000944       0x1c CMakeFiles/blink.dir/C_/bin/Pico_SDK_v1.5.0/pico-sdk/src/rp2_common/hardware_sync/sync.c.obj
                0x10000944                next_striped_spin_lock_num
 .text.set_raw_irq_handler_and_unlock
                0x10000960       0x28 CMakeFiles/blink.dir/C_/bin/Pico_SDK_v1.5.0/pico-sdk/src/rp2_common/hardware_irq/irq.c.obj
 .text.make_branch
                0x10000988       0x48 CMakeFiles/blink.dir/C_/bin/Pico_SDK_v1.5.0/pico-sdk/src/rp2_common/hardware_irq/irq.c.obj
 .text.insert_branch_and_link
                0x100009d0       0x40 CMakeFiles/blink.dir/C_/bin/Pico_SDK_v1.5.0/pico-sdk/src/rp2_common/hardware_irq/irq.c.obj
 .text.irq_is_enabled
                0x10000a10       0x18 CMakeFiles/blink.dir/C_/bin/Pico_SDK_v1.5.0/pico-sdk/src/rp2_common/hardware_irq/irq.c.obj
                0x10000a10                irq_is_enabled
 .text.irq_set_mask_enabled
                0x10000a28       0x20 CMakeFiles/blink.dir/C_/bin/Pico_SDK_v1.5.0/pico-sdk/src/rp2_common/hardware_irq/irq.c.obj
                0x10000a28                irq_set_mask_enabled
 .text.irq_set_enabled
                0x10000a48        0xe CMakeFiles/blink.dir/C_/bin/Pico_SDK_v1.5.0/pico-sdk/src/rp2_common/hardware_irq/irq.c.obj
                0x10000a48                irq_set_enabled
 *fill*         0x10000a56        0x2 
 .text.irq_get_vtable_handler
                0x10000a58       0x10 CMakeFiles/blink.dir/C_/bin/Pico_SDK_v1.5.0/pico-sdk/src/rp2_common/hardware_irq/irq.c.obj
                0x10000a58                irq_get_vtable_handler
 .text.irq_set_exclusive_handler
                0x10000a68       0x54 CMakeFiles/blink.dir/C_/bin/Pico_SDK_v1.5.0/pico-sdk/src/rp2_common/hardware_irq/irq.c.obj
                0x10000a68                irq_set_exclusive_handler
 .text.irq_add_shared_handler
                0x10000abc      0x234 CMakeFiles/blink.dir/C_/bin/Pico_SDK_v1.5.0/pico-sdk/src/rp2_common/hardware_irq/irq.c.obj
                0x10000abc                irq_add_shared_handler
 .text.irq_remove_handler
                0x10000cf0      0x1ac CMakeFiles/blink.dir/C_/bin/Pico_SDK_v1.5.0/pico-sdk/src/rp2_common/hardware_irq/irq.c.obj
                0x10000cf0                irq_remove_handler
 .text.irq_add_tail_to_free_list
                0x10000e9c       0xf0 CMakeFiles/blink.dir/C_/bin/Pico_SDK_v1.5.0/pico-sdk/src/rp2_common/hardware_irq/irq.c.obj
                0x10000e9c                irq_add_tail_to_free_list
 .text.irq_init_priorities
                0x10000f8c       0x1c CMakeFiles/blink.dir/C_/bin/Pico_SDK_v1.5.0/pico-sdk/src/rp2_common/hardware_irq/irq.c.obj
                0x10000f8c                irq_init_priorities
 .text.lock_init
                0x10000fa8       0x10 CMakeFiles/blink.dir/C_/bin/Pico_SDK_v1.5.0/pico-sdk/src/common/pico_sync/lock_core.c.obj
                0x10000fa8                lock_init
 .text.mutex_init
                0x10000fb8       0x1a CMakeFiles/blink.dir/C_/bin/Pico_SDK_v1.5.0/pico-sdk/src/common/pico_sync/mutex.c.obj
                0x10000fb8                mutex_init
 .text.recursive_mutex_init
                0x10000fd2       0x1e CMakeFiles/blink.dir/C_/bin/Pico_SDK_v1.5.0/pico-sdk/src/common/pico_sync/mutex.c.obj
                0x10000fd2                recursive_mutex_init
 .text.alarm_pool_post_alloc_init
                0x10000ff0       0x40 CMakeFiles/blink.dir/C_/bin/Pico_SDK_v1.5.0/pico-sdk/src/common/pico_time/time.c.obj
 .text.sleep_until_callback
                0x10001030       0x30 CMakeFiles/blink.dir/C_/bin/Pico_SDK_v1.5.0/pico-sdk/src/common/pico_time/time.c.obj
 .text.timer_pool_entry_comparator
                0x10001060       0x7c CMakeFiles/blink.dir/C_/bin/Pico_SDK_v1.5.0/pico-sdk/src/common/pico_time/time.c.obj
                0x10001060                timer_pool_entry_comparator
 .text.ph_add_child_node
                0x100010dc       0xa4 CMakeFiles/blink.dir/C_/bin/Pico_SDK_v1.5.0/pico-sdk/src/common/pico_time/time.c.obj
 .text.ph_merge_nodes
                0x10001180       0x3e CMakeFiles/blink.dir/C_/bin/Pico_SDK_v1.5.0/pico-sdk/src/common/pico_time/time.c.obj
 *fill*         0x100011be        0x2 
 .text.add_alarm_under_lock
                0x100011c0      0x174 CMakeFiles/blink.dir/C_/bin/Pico_SDK_v1.5.0/pico-sdk/src/common/pico_time/time.c.obj
 .text.alarm_pool_alarm_callback
                0x10001334      0x33c CMakeFiles/blink.dir/C_/bin/Pico_SDK_v1.5.0/pico-sdk/src/common/pico_time/time.c.obj
 .text.alarm_pool_init_default
                0x10001670       0x40 CMakeFiles/blink.dir/C_/bin/Pico_SDK_v1.5.0/pico-sdk/src/common/pico_time/time.c.obj
                0x10001670                alarm_pool_init_default
 .text.alarm_pool_get_default
                0x100016b0       0x2c CMakeFiles/blink.dir/C_/bin/Pico_SDK_v1.5.0/pico-sdk/src/common/pico_time/time.c.obj
                0x100016b0                alarm_pool_get_default
 .text.alarm_pool_add_alarm_at
                0x100016dc      0x168 CMakeFiles/blink.dir/C_/bin/Pico_SDK_v1.5.0/pico-sdk/src/common/pico_time/time.c.obj
                0x100016dc                alarm_pool_add_alarm_at
 .text.alarm_pool_cancel_alarm
                0x10001844       0xf0 CMakeFiles/blink.dir/C_/bin/Pico_SDK_v1.5.0/pico-sdk/src/common/pico_time/time.c.obj
                0x10001844                alarm_pool_cancel_alarm
 .text.sleep_until
                0x10001934       0xfc CMakeFiles/blink.dir/C_/bin/Pico_SDK_v1.5.0/pico-sdk/src/common/pico_time/time.c.obj
                0x10001934                sleep_until
 .text.sleep_us
                0x10001a30       0x58 CMakeFiles/blink.dir/C_/bin/Pico_SDK_v1.5.0/pico-sdk/src/common/pico_time/time.c.obj
                0x10001a30                sleep_us
 .text.sleep_ms
                0x10001a88       0x14 CMakeFiles/blink.dir/C_/bin/Pico_SDK_v1.5.0/pico-sdk/src/common/pico_time/time.c.obj
                0x10001a88                sleep_ms
 .text.best_effort_wfe_or_timeout
                0x10001a9c       0xac CMakeFiles/blink.dir/C_/bin/Pico_SDK_v1.5.0/pico-sdk/src/common/pico_time/time.c.obj
                0x10001a9c                best_effort_wfe_or_timeout
 .text.hardware_alarm_irq_handler
                0x10001b48       0x90 CMakeFiles/blink.dir/C_/bin/Pico_SDK_v1.5.0/pico-sdk/src/rp2_common/hardware_timer/timer.c.obj
 .text.hardware_alarm_claim
                0x10001bd8       0x18 CMakeFiles/blink.dir/C_/bin/Pico_SDK_v1.5.0/pico-sdk/src/rp2_common/hardware_timer/timer.c.obj
                0x10001bd8                hardware_alarm_claim
 .text.time_us_64
                0x10001bf0       0x18 CMakeFiles/blink.dir/C_/bin/Pico_SDK_v1.5.0/pico-sdk/src/rp2_common/hardware_timer/timer.c.obj
                0x10001bf0                time_us_64
 .text.busy_wait_until
                0x10001c08       0x28 CMakeFiles/blink.dir/C_/bin/Pico_SDK_v1.5.0/pico-sdk/src/rp2_common/hardware_timer/timer.c.obj
                0x10001c08                busy_wait_until
 .text.hardware_alarm_set_callback
                0x10001c30       0x90 CMakeFiles/blink.dir/C_/bin/Pico_SDK_v1.5.0/pico-sdk/src/rp2_common/hardware_timer/timer.c.obj
                0x10001c30                hardware_alarm_set_callback
 .text.hardware_alarm_set_target
                0x10001cc0       0xe8 CMakeFiles/blink.dir/C_/bin/Pico_SDK_v1.5.0/pico-sdk/src/rp2_common/hardware_timer/timer.c.obj
                0x10001cc0                hardware_alarm_set_target
 .text.hardware_alarm_cancel
                0x10001da8       0x40 CMakeFiles/blink.dir/C_/bin/Pico_SDK_v1.5.0/pico-sdk/src/rp2_common/hardware_timer/timer.c.obj
                0x10001da8                hardware_alarm_cancel
 .text.ph_add_child_node
                0x10001de8       0xa4 CMakeFiles/blink.dir/C_/bin/Pico_SDK_v1.5.0/pico-sdk/src/common/pico_util/pheap.c.obj
 .text.ph_merge_nodes
                0x10001e8c       0x3e CMakeFiles/blink.dir/C_/bin/Pico_SDK_v1.5.0/pico-sdk/src/common/pico_util/pheap.c.obj
 *fill*         0x10001eca        0x2 
 .text.ph_clear
                0x10001ecc       0x70 CMakeFiles/blink.dir/C_/bin/Pico_SDK_v1.5.0/pico-sdk/src/common/pico_util/pheap.c.obj
                0x10001ecc                ph_clear
 .text.ph_post_alloc_init
                0x10001f3c        0xe CMakeFiles/blink.dir/C_/bin/Pico_SDK_v1.5.0/pico-sdk/src/common/pico_util/pheap.c.obj
                0x10001f3c                ph_post_alloc_init
 *fill*         0x10001f4a        0x2 
 .text.ph_merge_two_pass
                0x10001f4c       0xa8 CMakeFiles/blink.dir/C_/bin/Pico_SDK_v1.5.0/pico-sdk/src/common/pico_util/pheap.c.obj
                0x10001f4c                ph_merge_two_pass
 .text.ph_remove_any_head
                0x10001ff4      0x128 CMakeFiles/blink.dir/C_/bin/Pico_SDK_v1.5.0/pico-sdk/src/common/pico_util/pheap.c.obj
 .text.ph_remove_head
                0x1000211c       0x14 CMakeFiles/blink.dir/C_/bin/Pico_SDK_v1.5.0/pico-sdk/src/common/pico_util/pheap.c.obj
                0x1000211c                ph_remove_head
 .text.ph_remove_and_free_node
                0x10002130       0xf8 CMakeFiles/blink.dir/C_/bin/Pico_SDK_v1.5.0/pico-sdk/src/common/pico_util/pheap.c.obj
                0x10002130                ph_remove_and_free_node
 .text.uart_set_baudrate
                0x10002228       0x5c CMakeFiles/blink.dir/C_/bin/Pico_SDK_v1.5.0/pico-sdk/src/rp2_common/hardware_uart/uart.c.obj
                0x10002228                uart_set_baudrate
 .text.uart_set_translate_crlf
                0x10002284       0x28 CMakeFiles/blink.dir/C_/bin/Pico_SDK_v1.5.0/pico-sdk/src/rp2_common/hardware_uart/uart.c.obj
                0x10002284                uart_set_translate_crlf
 .text.uart_init
                0x100022ac       0x80 CMakeFiles/blink.dir/C_/bin/Pico_SDK_v1.5.0/pico-sdk/src/rp2_common/hardware_uart/uart.c.obj
                0x100022ac                uart_init
 .text.clock_configure
                0x1000232c      0x104 CMakeFiles/blink.dir/C_/bin/Pico_SDK_v1.5.0/pico-sdk/src/rp2_common/hardware_clocks/clocks.c.obj
                0x1000232c                clock_configure
 .text.clocks_init
                0x10002430      0x100 CMakeFiles/blink.dir/C_/bin/Pico_SDK_v1.5.0/pico-sdk/src/rp2_common/hardware_clocks/clocks.c.obj
                0x10002430                clocks_init
 .text.clock_get_hz
                0x10002530        0xc CMakeFiles/blink.dir/C_/bin/Pico_SDK_v1.5.0/pico-sdk/src/rp2_common/hardware_clocks/clocks.c.obj
                0x10002530                clock_get_hz
 .text.pll_init
                0x1000253c      0x12c CMakeFiles/blink.dir/C_/bin/Pico_SDK_v1.5.0/pico-sdk/src/rp2_common/hardware_pll/pll.c.obj
                0x1000253c                pll_init
 .text.watchdog_start_tick
                0x10002668       0x10 CMakeFiles/blink.dir/C_/bin/Pico_SDK_v1.5.0/pico-sdk/src/rp2_common/hardware_watchdog/watchdog.c.obj
                0x10002668                watchdog_start_tick
 .text.xosc_init
                0x10002678       0x28 CMakeFiles/blink.dir/C_/bin/Pico_SDK_v1.5.0/pico-sdk/src/rp2_common/hardware_xosc/xosc.c.obj
                0x10002678                xosc_init
 .text._exit    0x100026a0        0x4 CMakeFiles/blink.dir/C_/bin/Pico_SDK_v1.5.0/pico-sdk/src/rp2_common/pico_runtime/runtime.c.obj
                0x100026a0                _exit
 .text.exit     0x100026a4        0x6 CMakeFiles/blink.dir/C_/bin/Pico_SDK_v1.5.0/pico-sdk/src/rp2_common/pico_runtime/runtime.c.obj
                0x100026a4                exit
 *fill*         0x100026aa        0x2 
 .text.__assert_func
                0x100026ac       0x3c CMakeFiles/blink.dir/C_/bin/Pico_SDK_v1.5.0/pico-sdk/src/rp2_common/pico_runtime/runtime.c.obj
                0x100026ac                __assert_func
 .text.runtime_init
                0x100026e8       0xf8 CMakeFiles/blink.dir/C_/bin/Pico_SDK_v1.5.0/pico-sdk/src/rp2_common/pico_runtime/runtime.c.obj
                0x100026e8                runtime_init
 .text.panic    0x100027e0       0x30 CMakeFiles/blink.dir/C_/bin/Pico_SDK_v1.5.0/pico-sdk/src/rp2_common/pico_runtime/runtime.c.obj
                0x100027e0                panic
 .text._out_null
                0x10002810        0x2 CMakeFiles/blink.dir/C_/bin/Pico_SDK_v1.5.0/pico-sdk/src/rp2_common/pico_printf/printf.c.obj
 .text._out_fct
                0x10002812        0xe CMakeFiles/blink.dir/C_/bin/Pico_SDK_v1.5.0/pico-sdk/src/rp2_common/pico_printf/printf.c.obj
 .text._atoi    0x10002820       0x24 CMakeFiles/blink.dir/C_/bin/Pico_SDK_v1.5.0/pico-sdk/src/rp2_common/pico_printf/printf.c.obj
 .text._out_rev
                0x10002844       0xae CMakeFiles/blink.dir/C_/bin/Pico_SDK_v1.5.0/pico-sdk/src/rp2_common/pico_printf/printf.c.obj
 .text._ntoa_format
                0x100028f2      0x112 CMakeFiles/blink.dir/C_/bin/Pico_SDK_v1.5.0/pico-sdk/src/rp2_common/pico_printf/printf.c.obj
 .text._ntoa_long
                0x10002a04       0xbc CMakeFiles/blink.dir/C_/bin/Pico_SDK_v1.5.0/pico-sdk/src/rp2_common/pico_printf/printf.c.obj
 .text._ntoa_long_long
                0x10002ac0       0xe2 CMakeFiles/blink.dir/C_/bin/Pico_SDK_v1.5.0/pico-sdk/src/rp2_common/pico_printf/printf.c.obj
 *fill*         0x10002ba2        0x2 
 .text._etoa    0x10002ba4      0x414 CMakeFiles/blink.dir/C_/bin/Pico_SDK_v1.5.0/pico-sdk/src/rp2_common/pico_printf/printf.c.obj
 .text._ftoa    0x10002fb8      0x354 CMakeFiles/blink.dir/C_/bin/Pico_SDK_v1.5.0/pico-sdk/src/rp2_common/pico_printf/printf.c.obj
 .text._vsnprintf
                0x1000330c      0x624 CMakeFiles/blink.dir/C_/bin/Pico_SDK_v1.5.0/pico-sdk/src/rp2_common/pico_printf/printf.c.obj
 .text.vfctprintf
                0x10003930       0x20 CMakeFiles/blink.dir/C_/bin/Pico_SDK_v1.5.0/pico-sdk/src/rp2_common/pico_printf/printf.c.obj
                0x10003930                vfctprintf
 .text          0x10003950       0x10 CMakeFiles/blink.dir/C_/bin/Pico_SDK_v1.5.0/pico-sdk/src/rp2_common/pico_bit_ops/bit_ops_aeabi.S.obj
 .text.rom_func_lookup
                0x10003960       0x10 CMakeFiles/blink.dir/C_/bin/Pico_SDK_v1.5.0/pico-sdk/src/rp2_common/pico_bootrom/bootrom.c.obj
                0x10003960                rom_func_lookup
 .text.rom_data_lookup
                0x10003970       0x10 CMakeFiles/blink.dir/C_/bin/Pico_SDK_v1.5.0/pico-sdk/src/rp2_common/pico_bootrom/bootrom.c.obj
                0x10003970                rom_data_lookup
 .text.rom_funcs_lookup
                0x10003980       0x36 CMakeFiles/blink.dir/C_/bin/Pico_SDK_v1.5.0/pico-sdk/src/rp2_common/pico_bootrom/bootrom.c.obj
                0x10003980                rom_funcs_lookup
 *fill*         0x100039b6        0x2 
 .text.__wrap___aeabi_idiv
                0x100039b8       0x50 CMakeFiles/blink.dir/C_/bin/Pico_SDK_v1.5.0/pico-sdk/src/rp2_common/pico_divider/divider.S.obj
                0x100039b8                __wrap___aeabi_idivmod
                0x100039b8                divmod_s32s32
                0x100039b8                div_s32s32
                0x100039b8                __wrap___aeabi_idiv
                0x100039c0                divmod_s32s32_unsafe
                0x100039ec                divmod_s32s32_savestate
 .text.__wrap___aeabi_uidiv
                0x10003a08       0x4c CMakeFiles/blink.dir/C_/bin/Pico_SDK_v1.5.0/pico-sdk/src/rp2_common/pico_divider/divider.S.obj
                0x10003a08                __wrap___aeabi_uidiv
                0x10003a08                __wrap___aeabi_uidivmod
                0x10003a08                div_u32u32
                0x10003a08                divmod_u32u32
                0x10003a10                divmod_u32u32_unsafe
                0x10003a38                divmod_u32u32_savestate
 .text.__wrap___aeabi_ldiv
                0x10003a54      0x424 CMakeFiles/blink.dir/C_/bin/Pico_SDK_v1.5.0/pico-sdk/src/rp2_common/pico_divider/divider.S.obj
                0x10003a54                div_s64s64
                0x10003a54                divmod_s64s64
                0x10003a54                __wrap___aeabi_ldivmod
                0x10003a84                divmod_u64u64
                0x10003a84                div_u64u64
                0x10003a84                __wrap___aeabi_uldivmod
                0x10003a94                divmod_u64u64_savestate
                0x10003ab4                divmod_s64s64_unsafe
                0x10003b3c                divmod_u64u64_unsafe
 .text.__wrap___aeabi_darithmetic
                0x10003e78       0x60 CMakeFiles/blink.dir/C_/bin/Pico_SDK_v1.5.0/pico-sdk/src/rp2_common/pico_double/double_aeabi.S.obj
                0x10003e78                __wrap___aeabi_drsub
                0x10003e7e                __wrap___aeabi_dsub
                0x10003e88                __wrap___aeabi_dadd
                0x10003e92                __wrap___aeabi_ddiv
                0x10003ec6                __wrap___aeabi_dmul
 .text.__wrap___aeabi_cdcmple
                0x10003ed8       0x6c CMakeFiles/blink.dir/C_/bin/Pico_SDK_v1.5.0/pico-sdk/src/rp2_common/pico_double/double_aeabi.S.obj
                0x10003ed8                __wrap___aeabi_cdrcmple
                0x10003ee8                __wrap___aeabi_cdcmpeq
                0x10003ee8                __wrap___aeabi_cdcmple
 .text.__wrap___aeabi_dcmplt
                0x10003f44        0xc CMakeFiles/blink.dir/C_/bin/Pico_SDK_v1.5.0/pico-sdk/src/rp2_common/pico_double/double_aeabi.S.obj
                0x10003f44                __wrap___aeabi_dcmplt
 .text.__wrap___aeabi_dcmple
                0x10003f50       0x10 CMakeFiles/blink.dir/C_/bin/Pico_SDK_v1.5.0/pico-sdk/src/rp2_common/pico_double/double_aeabi.S.obj
                0x10003f50                __wrap___aeabi_dcmple
 .text.__wrap___aeabi_dcmpge
                0x10003f60       0x10 CMakeFiles/blink.dir/C_/bin/Pico_SDK_v1.5.0/pico-sdk/src/rp2_common/pico_double/double_aeabi.S.obj
                0x10003f60                __wrap___aeabi_dcmpge
 .text.__wrap___aeabi_dcmpgt
                0x10003f70        0xa CMakeFiles/blink.dir/C_/bin/Pico_SDK_v1.5.0/pico-sdk/src/rp2_common/pico_double/double_aeabi.S.obj
                0x10003f70                __wrap___aeabi_dcmpgt
 .text.__wrap___aeabi_dcmpun
                0x10003f7a       0x1c CMakeFiles/blink.dir/C_/bin/Pico_SDK_v1.5.0/pico-sdk/src/rp2_common/pico_double/double_aeabi.S.obj
                0x10003f7a                __wrap___aeabi_dcmpun
 *fill*         0x10003f96        0x2 
 .text.__wrap___aeabi_i2d
                0x10003f98       0x38 CMakeFiles/blink.dir/C_/bin/Pico_SDK_v1.5.0/pico-sdk/src/rp2_common/pico_double/double_aeabi.S.obj
                0x10003f98                __wrap___aeabi_ui2d
                0x10003fa0                __wrap___aeabi_i2d
 .text.__wrap___aeabi_d2iz
                0x10003fd0       0x48 CMakeFiles/blink.dir/C_/bin/Pico_SDK_v1.5.0/pico-sdk/src/rp2_common/pico_double/double_aeabi.S.obj
                0x10003fd0                double2int_z
                0x10003fd0                __wrap___aeabi_d2iz
 .text.__wrap___aeabi_d2uiz
                0x10004018       0x10 CMakeFiles/blink.dir/C_/bin/Pico_SDK_v1.5.0/pico-sdk/src/rp2_common/pico_double/double_aeabi.S.obj
                0x10004018                __wrap___aeabi_d2uiz
                0x10004018                double2uint
 .text.missing_double_func_shim
                0x10004028        0xc CMakeFiles/blink.dir/C_/bin/Pico_SDK_v1.5.0/pico-sdk/src/rp2_common/pico_double/double_init_rom.c.obj
 .text.__aeabi_double_init
                0x10004034       0xcc CMakeFiles/blink.dir/C_/bin/Pico_SDK_v1.5.0/pico-sdk/src/rp2_common/pico_double/double_init_rom.c.obj
                0x10004034                __aeabi_double_init
 .text.double_table_shim_on_use_helper
                0x10004100       0x34 CMakeFiles/blink.dir/C_/bin/Pico_SDK_v1.5.0/pico-sdk/src/rp2_common/pico_double/double_v1_rom_shim.S.obj
                0x10004100                double_table_shim_on_use_helper
 .text.__aeabi_lmul
                0x10004134       0x32 CMakeFiles/blink.dir/C_/bin/Pico_SDK_v1.5.0/pico-sdk/src/rp2_common/pico_int64_ops/pico_int64_ops_aeabi.S.obj
                0x10004134                __wrap___aeabi_lmul
 *fill*         0x10004166        0x2 
 .text.missing_float_func_shim
                0x10004168        0xc CMakeFiles/blink.dir/C_/bin/Pico_SDK_v1.5.0/pico-sdk/src/rp2_common/pico_float/float_init_rom.c.obj
 .text.__aeabi_float_init
                0x10004174       0x88 CMakeFiles/blink.dir/C_/bin/Pico_SDK_v1.5.0/pico-sdk/src/rp2_common/pico_float/float_init_rom.c.obj
                0x10004174                __aeabi_float_init
 .text          0x100041fc       0x10 CMakeFiles/blink.dir/C_/bin/Pico_SDK_v1.5.0/pico-sdk/src/rp2_common/pico_mem_ops/mem_ops_aeabi.S.obj
                0x100041fc                __aeabi_mem_init
 .text.memcpy   0x1000420c        0xc CMakeFiles/blink.dir/C_/bin/Pico_SDK_v1.5.0/pico-sdk/src/rp2_common/pico_mem_ops/mem_ops_aeabi.S.obj
                0x1000420c                __wrap_memcpy
                0x1000420c                __wrap___aeabi_memcpy
 .text.stdio_out_chars_no_crlf
                0x10004218        0xe CMakeFiles/blink.dir/C_/bin/Pico_SDK_v1.5.0/pico-sdk/src/rp2_common/pico_stdio/stdio.c.obj
 *fill*         0x10004226        0x2 
 .text.stdio_out_chars_crlf
                0x10004228       0x80 CMakeFiles/blink.dir/C_/bin/Pico_SDK_v1.5.0/pico-sdk/src/rp2_common/pico_stdio/stdio.c.obj
 .text.stdio_stack_buffer_flush
                0x100042a8       0x44 CMakeFiles/blink.dir/C_/bin/Pico_SDK_v1.5.0/pico-sdk/src/rp2_common/pico_stdio/stdio.c.obj
 .text.stdio_buffered_printer
                0x100042ec       0x20 CMakeFiles/blink.dir/C_/bin/Pico_SDK_v1.5.0/pico-sdk/src/rp2_common/pico_stdio/stdio.c.obj
 .text.stdout_serialize_begin
                0x1000430c       0x5c CMakeFiles/blink.dir/C_/bin/Pico_SDK_v1.5.0/pico-sdk/src/rp2_common/pico_stdio/stdio.c.obj
                0x1000430c                stdout_serialize_begin
 .text.stdout_serialize_end
                0x10004368       0x10 CMakeFiles/blink.dir/C_/bin/Pico_SDK_v1.5.0/pico-sdk/src/rp2_common/pico_stdio/stdio.c.obj
                0x10004368                stdout_serialize_end
 .text.stdio_put_string
                0x10004378       0x98 CMakeFiles/blink.dir/C_/bin/Pico_SDK_v1.5.0/pico-sdk/src/rp2_common/pico_stdio/stdio.c.obj
 .text.stdio_set_driver_enabled
                0x10004410       0x2c CMakeFiles/blink.dir/C_/bin/Pico_SDK_v1.5.0/pico-sdk/src/rp2_common/pico_stdio/stdio.c.obj
                0x10004410                stdio_set_driver_enabled
 .text.stdio_flush
                0x1000443c       0x20 CMakeFiles/blink.dir/C_/bin/Pico_SDK_v1.5.0/pico-sdk/src/rp2_common/pico_stdio/stdio.c.obj
                0x1000443c                stdio_flush
 .text.__wrap_puts
                0x1000445c       0x1e CMakeFiles/blink.dir/C_/bin/Pico_SDK_v1.5.0/pico-sdk/src/rp2_common/pico_stdio/stdio.c.obj
                0x1000445c                __wrap_puts
 *fill*         0x1000447a        0x2 
 .text.__wrap_vprintf
                0x1000447c       0x40 CMakeFiles/blink.dir/C_/bin/Pico_SDK_v1.5.0/pico-sdk/src/rp2_common/pico_stdio/stdio.c.obj
                0x1000447c                __wrap_vprintf
 .text.__wrap_printf
                0x100044bc       0x18 CMakeFiles/blink.dir/C_/bin/Pico_SDK_v1.5.0/pico-sdk/src/rp2_common/pico_stdio/stdio.c.obj
                0x100044bc                __wrap_printf
 .text.stdio_init_all
                0x100044d4        0xa CMakeFiles/blink.dir/C_/bin/Pico_SDK_v1.5.0/pico-sdk/src/rp2_common/pico_stdio/stdio.c.obj
                0x100044d4                stdio_init_all
 *fill*         0x100044de        0x2 
 .text.stdio_uart_out_chars
                0x100044e0       0x74 CMakeFiles/blink.dir/C_/bin/Pico_SDK_v1.5.0/pico-sdk/src/rp2_common/pico_stdio_uart/stdio_uart.c.obj
 .text.stdio_uart_in_chars
                0x10004554       0x80 CMakeFiles/blink.dir/C_/bin/Pico_SDK_v1.5.0/pico-sdk/src/rp2_common/pico_stdio_uart/stdio_uart.c.obj
                0x10004554                stdio_uart_in_chars
 .text.on_uart_rx
                0x100045d4       0x28 CMakeFiles/blink.dir/C_/bin/Pico_SDK_v1.5.0/pico-sdk/src/rp2_common/pico_stdio_uart/stdio_uart.c.obj
 .text.stdio_uart_set_chars_available_callback
                0x100045fc       0x8c CMakeFiles/blink.dir/C_/bin/Pico_SDK_v1.5.0/pico-sdk/src/rp2_common/pico_stdio_uart/stdio_uart.c.obj
 .text.stdio_uart_init_full
                0x10004688       0x44 CMakeFiles/blink.dir/C_/bin/Pico_SDK_v1.5.0/pico-sdk/src/rp2_common/pico_stdio_uart/stdio_uart.c.obj
                0x10004688                stdio_uart_init_full
 .text.stdio_uart_init
                0x100046cc       0x28 CMakeFiles/blink.dir/C_/bin/Pico_SDK_v1.5.0/pico-sdk/src/rp2_common/pico_stdio_uart/stdio_uart.c.obj
                0x100046cc                stdio_uart_init
 .text.strlen   0x100046f4       0x5c c:/bin/pico_sdk_v1.5.0/gcc-arm-none-eabi/bin/../lib/gcc/arm-none-eabi/10.3.1/../../../../arm-none-eabi/lib/thumb/v6-m/nofp\libg.a(lib_a-strlen-stub.o)
                0x100046f4                strlen
 *(.fini)
 .fini          0x10004750        0x4 c:/bin/pico_sdk_v1.5.0/gcc-arm-none-eabi/bin/../lib/gcc/arm-none-eabi/10.3.1/thumb/v6-m/nofp/crti.o
                0x10004750                _fini
 *fill*         0x10004754        0x4 
 .fini.__stub   0x10004758       0x40 linker stubs
 *crtbegin.o(.ctors)
 *crtbegin?.o(.ctors)
 *(EXCLUDE_FILE(*crtend.o *crtend?.o) .ctors)
 *(SORT_BY_NAME(.ctors.*))
 *(.ctors)
 *crtbegin.o(.dtors)
 *crtbegin?.o(.dtors)
 *(EXCLUDE_FILE(*crtend.o *crtend?.o) .dtors)
 *(SORT_BY_NAME(.dtors.*))
 *(.dtors)
 *(.eh_frame*)
 .eh_frame      0x10004798        0x0 c:/bin/pico_sdk_v1.5.0/gcc-arm-none-eabi/bin/../lib/gcc/arm-none-eabi/10.3.1/thumb/v6-m/nofp/crtbegin.o
                0x10004798                . = ALIGN (0x4)

.glue_7         0x10004798        0x0
 .glue_7        0x10004798        0x0 linker stubs

.glue_7t        0x10004798        0x0
 .glue_7t       0x10004798        0x0 linker stubs

.vfp11_veneer   0x10004798        0x0
 .vfp11_veneer  0x10004798        0x0 linker stubs

.v4_bx          0x10004798        0x0
 .v4_bx         0x10004798        0x0 linker stubs

.iplt           0x10004798        0x0
 .iplt          0x10004798        0x0 c:/bin/pico_sdk_v1.5.0/gcc-arm-none-eabi/bin/../lib/gcc/arm-none-eabi/10.3.1/thumb/v6-m/nofp/crtbegin.o

.rodata         0x10004798     0x119c
 *(EXCLUDE_FILE(*libm.a: *libc.a:*lib_a-mem*.o *libgcc.a:) .rodata*)
 .rodata.calibrate_motor.str1.4
                0x10004798       0x57 CMakeFiles/blink.dir/main.c.obj
 *fill*         0x100047ef        0x1 
 .rodata.dispensing_pills.str1.4
                0x100047f0       0xd1 CMakeFiles/blink.dir/main.c.obj
 *fill*         0x100048c1        0x3 
 .rodata.main.str1.4
                0x100048c4       0xa1 CMakeFiles/blink.dir/main.c.obj
 *fill*         0x10004965        0x3 
 .rodata.__func__.0
                0x10004968       0x15 CMakeFiles/blink.dir/main.c.obj
 *fill*         0x1000497d        0x3 
 .rodata.half_step_sequence
                0x10004980       0x80 CMakeFiles/blink.dir/main.c.obj
                0x10004980                half_step_sequence
 .rodata.make_branch.str1.4
                0x10004a00       0x72 CMakeFiles/blink.dir/C_/bin/Pico_SDK_v1.5.0/pico-sdk/src/rp2_common/hardware_irq/irq.c.obj
 *fill*         0x10004a72        0x2 
 .rodata.insert_branch_and_link.str1.4
                0x10004a74       0x10 CMakeFiles/blink.dir/C_/bin/Pico_SDK_v1.5.0/pico-sdk/src/rp2_common/hardware_irq/irq.c.obj
 .rodata.irq_set_exclusive_handler.str1.4
                0x10004a84       0x36 CMakeFiles/blink.dir/C_/bin/Pico_SDK_v1.5.0/pico-sdk/src/rp2_common/hardware_irq/irq.c.obj
 *fill*         0x10004aba        0x2 
 .rodata.irq_add_shared_handler.str1.4
                0x10004abc       0xd9 CMakeFiles/blink.dir/C_/bin/Pico_SDK_v1.5.0/pico-sdk/src/rp2_common/hardware_irq/irq.c.obj
 *fill*         0x10004b95        0x3 
 .rodata.irq_remove_handler.str1.4
                0x10004b98       0x3a CMakeFiles/blink.dir/C_/bin/Pico_SDK_v1.5.0/pico-sdk/src/rp2_common/hardware_irq/irq.c.obj
 *fill*         0x10004bd2        0x2 
 .rodata.irq_add_tail_to_free_list.str1.4
                0x10004bd4       0x3a CMakeFiles/blink.dir/C_/bin/Pico_SDK_v1.5.0/pico-sdk/src/rp2_common/hardware_irq/irq.c.obj
 *fill*         0x10004c0e        0x2 
 .rodata.__func__.0
                0x10004c10       0x1a CMakeFiles/blink.dir/C_/bin/Pico_SDK_v1.5.0/pico-sdk/src/rp2_common/hardware_irq/irq.c.obj
 *fill*         0x10004c2a        0x2 
 .rodata.__func__.1
                0x10004c2c       0x17 CMakeFiles/blink.dir/C_/bin/Pico_SDK_v1.5.0/pico-sdk/src/rp2_common/hardware_irq/irq.c.obj
 *fill*         0x10004c43        0x1 
 .rodata.__func__.2
                0x10004c44       0x13 CMakeFiles/blink.dir/C_/bin/Pico_SDK_v1.5.0/pico-sdk/src/rp2_common/hardware_irq/irq.c.obj
 *fill*         0x10004c57        0x1 
 .rodata.__func__.3
                0x10004c58        0xc CMakeFiles/blink.dir/C_/bin/Pico_SDK_v1.5.0/pico-sdk/src/rp2_common/hardware_irq/irq.c.obj
 .rodata.__func__.4
                0x10004c64        0xf CMakeFiles/blink.dir/C_/bin/Pico_SDK_v1.5.0/pico-sdk/src/rp2_common/hardware_irq/irq.c.obj
 *fill*         0x10004c73        0x1 
 .rodata.__func__.5
                0x10004c74       0x17 CMakeFiles/blink.dir/C_/bin/Pico_SDK_v1.5.0/pico-sdk/src/rp2_common/hardware_irq/irq.c.obj
 *fill*         0x10004c8b        0x1 
 .rodata.__func__.6
                0x10004c8c       0x1a CMakeFiles/blink.dir/C_/bin/Pico_SDK_v1.5.0/pico-sdk/src/rp2_common/hardware_irq/irq.c.obj
 *fill*         0x10004ca6        0x2 
 .rodata.str1.4
                0x10004ca8       0x91 CMakeFiles/blink.dir/C_/bin/Pico_SDK_v1.5.0/pico-sdk/src/common/pico_sync/mutex.c.obj
                                 0xf9 (size before relaxing)
 *fill*         0x10004d39        0x3 
 .rodata.__func__.1
                0x10004d3c        0xb CMakeFiles/blink.dir/C_/bin/Pico_SDK_v1.5.0/pico-sdk/src/common/pico_sync/mutex.c.obj
 *fill*         0x10004d47        0x1 
 .rodata.__func__.3
                0x10004d48       0x18 CMakeFiles/blink.dir/C_/bin/Pico_SDK_v1.5.0/pico-sdk/src/common/pico_sync/mutex.c.obj
 .rodata.repeating_timer_callback.str1.4
                0x10004d60       0x50 CMakeFiles/blink.dir/C_/bin/Pico_SDK_v1.5.0/pico-sdk/src/common/pico_time/time.c.obj
 .rodata.timer_pool_entry_comparator.str1.4
                0x10004db0       0x22 CMakeFiles/blink.dir/C_/bin/Pico_SDK_v1.5.0/pico-sdk/src/common/pico_time/time.c.obj
 *fill*         0x10004dd2        0x2 
 .rodata.ph_add_child_node.str1.4
                0x10004dd4       0x9a CMakeFiles/blink.dir/C_/bin/Pico_SDK_v1.5.0/pico-sdk/src/common/pico_time/time.c.obj
 *fill*         0x10004e6e        0x2 
 .rodata.add_alarm_under_lock.str1.4
                0x10004e70       0x28 CMakeFiles/blink.dir/C_/bin/Pico_SDK_v1.5.0/pico-sdk/src/common/pico_time/time.c.obj
                                 0x2b (size before relaxing)
 .rodata.alarm_pool_alarm_callback.str1.4
                0x10004e98       0x98 CMakeFiles/blink.dir/C_/bin/Pico_SDK_v1.5.0/pico-sdk/src/common/pico_time/time.c.obj
                                0x100 (size before relaxing)
 .rodata.alarm_pool_get_default.str1.4
                0x10004f30       0x21 CMakeFiles/blink.dir/C_/bin/Pico_SDK_v1.5.0/pico-sdk/src/common/pico_time/time.c.obj
 *fill*         0x10004f51        0x3 
 .rodata.alarm_pool_cancel_alarm.str1.4
                0x10004f54       0x27 CMakeFiles/blink.dir/C_/bin/Pico_SDK_v1.5.0/pico-sdk/src/common/pico_time/time.c.obj
 *fill*         0x10004f7b        0x1 
 .rodata.sleep_until.str1.4
                0x10004f7c       0x4d CMakeFiles/blink.dir/C_/bin/Pico_SDK_v1.5.0/pico-sdk/src/common/pico_time/time.c.obj
 *fill*         0x10004fc9        0x3 
 .rodata.__func__.1
                0x10004fcc       0x18 CMakeFiles/blink.dir/C_/bin/Pico_SDK_v1.5.0/pico-sdk/src/common/pico_time/time.c.obj
 .rodata.__func__.10
                0x10004fe4       0x15 CMakeFiles/blink.dir/C_/bin/Pico_SDK_v1.5.0/pico-sdk/src/common/pico_time/time.c.obj
 *fill*         0x10004ff9        0x3 
 .rodata.__func__.11
                0x10004ffc       0x1a CMakeFiles/blink.dir/C_/bin/Pico_SDK_v1.5.0/pico-sdk/src/common/pico_time/time.c.obj
 *fill*         0x10005016        0x2 
 .rodata.__func__.12
                0x10005018        0xa CMakeFiles/blink.dir/C_/bin/Pico_SDK_v1.5.0/pico-sdk/src/common/pico_time/time.c.obj
 *fill*         0x10005022        0x2 
 .rodata.__func__.3
                0x10005024       0x17 CMakeFiles/blink.dir/C_/bin/Pico_SDK_v1.5.0/pico-sdk/src/common/pico_time/time.c.obj
 *fill*         0x1000503b        0x1 
 .rodata.__func__.4
                0x1000503c       0x12 CMakeFiles/blink.dir/C_/bin/Pico_SDK_v1.5.0/pico-sdk/src/common/pico_time/time.c.obj
 *fill*         0x1000504e        0x2 
 .rodata.__func__.5
                0x10005050        0xd CMakeFiles/blink.dir/C_/bin/Pico_SDK_v1.5.0/pico-sdk/src/common/pico_time/time.c.obj
 *fill*         0x1000505d        0x3 
 .rodata.__func__.6
                0x10005060       0x12 CMakeFiles/blink.dir/C_/bin/Pico_SDK_v1.5.0/pico-sdk/src/common/pico_time/time.c.obj
 *fill*         0x10005072        0x2 
 .rodata.__func__.7
                0x10005074        0xf CMakeFiles/blink.dir/C_/bin/Pico_SDK_v1.5.0/pico-sdk/src/common/pico_time/time.c.obj
 *fill*         0x10005083        0x1 
 .rodata.__func__.8
                0x10005084        0xc CMakeFiles/blink.dir/C_/bin/Pico_SDK_v1.5.0/pico-sdk/src/common/pico_time/time.c.obj
 .rodata.__func__.9
                0x10005090       0x15 CMakeFiles/blink.dir/C_/bin/Pico_SDK_v1.5.0/pico-sdk/src/common/pico_time/time.c.obj
 *fill*         0x100050a5        0x3 
 .rodata.hardware_alarm_claim.str1.4
                0x100050a8       0x22 CMakeFiles/blink.dir/C_/bin/Pico_SDK_v1.5.0/pico-sdk/src/rp2_common/hardware_timer/timer.c.obj
 *fill*         0x100050ca        0x2 
 .rodata.hardware_alarm_set_target.str1.4
                0x100050cc       0x6a CMakeFiles/blink.dir/C_/bin/Pico_SDK_v1.5.0/pico-sdk/src/rp2_common/hardware_timer/timer.c.obj
 *fill*         0x10005136        0x2 
 .rodata.__func__.0
                0x10005138       0x1a CMakeFiles/blink.dir/C_/bin/Pico_SDK_v1.5.0/pico-sdk/src/rp2_common/hardware_timer/timer.c.obj
 .rodata.ph_add_child_node.str1.4
                0x10005152       0x9a CMakeFiles/blink.dir/C_/bin/Pico_SDK_v1.5.0/pico-sdk/src/common/pico_util/pheap.c.obj
 *fill*         0x10005152        0x2 
 .rodata.ph_remove_any_head.str1.4
                0x10005154       0x94 CMakeFiles/blink.dir/C_/bin/Pico_SDK_v1.5.0/pico-sdk/src/common/pico_util/pheap.c.obj
                                 0xa8 (size before relaxing)
 .rodata.ph_remove_and_free_node.str1.4
                0x100051e8       0x1e CMakeFiles/blink.dir/C_/bin/Pico_SDK_v1.5.0/pico-sdk/src/common/pico_util/pheap.c.obj
                                 0x26 (size before relaxing)
 *fill*         0x10005206        0x2 
 .rodata.__func__.0
                0x10005208       0x18 CMakeFiles/blink.dir/C_/bin/Pico_SDK_v1.5.0/pico-sdk/src/common/pico_util/pheap.c.obj
 .rodata.__func__.1
                0x10005220       0x13 CMakeFiles/blink.dir/C_/bin/Pico_SDK_v1.5.0/pico-sdk/src/common/pico_util/pheap.c.obj
 *fill*         0x10005233        0x1 
 .rodata.__func__.2
                0x10005234       0x12 CMakeFiles/blink.dir/C_/bin/Pico_SDK_v1.5.0/pico-sdk/src/common/pico_util/pheap.c.obj
 *fill*         0x10005246        0x2 
 .rodata.__func__.3
                0x10005248        0xc CMakeFiles/blink.dir/C_/bin/Pico_SDK_v1.5.0/pico-sdk/src/common/pico_util/pheap.c.obj
 .rodata.clock_configure.str1.4
                0x10005254       0x5c CMakeFiles/blink.dir/C_/bin/Pico_SDK_v1.5.0/pico-sdk/src/rp2_common/hardware_clocks/clocks.c.obj
 .rodata.__func__.1
                0x100052b0       0x10 CMakeFiles/blink.dir/C_/bin/Pico_SDK_v1.5.0/pico-sdk/src/rp2_common/hardware_clocks/clocks.c.obj
 .rodata.pll_init.str1.4
                0x100052c0      0x127 CMakeFiles/blink.dir/C_/bin/Pico_SDK_v1.5.0/pico-sdk/src/rp2_common/hardware_pll/pll.c.obj
 *fill*         0x100053e7        0x1 
 .rodata.__func__.0
                0x100053e8        0x9 CMakeFiles/blink.dir/C_/bin/Pico_SDK_v1.5.0/pico-sdk/src/rp2_common/hardware_pll/pll.c.obj
 *fill*         0x100053f1        0x3 
 .rodata.__assert_func.str1.4
                0x100053f4       0x3f CMakeFiles/blink.dir/C_/bin/Pico_SDK_v1.5.0/pico-sdk/src/rp2_common/pico_runtime/runtime.c.obj
                                 0x43 (size before relaxing)
 *fill*         0x10005433        0x1 
 .rodata.runtime_init.str1.4
                0x10005434       0x66 CMakeFiles/blink.dir/C_/bin/Pico_SDK_v1.5.0/pico-sdk/src/rp2_common/pico_runtime/runtime.c.obj
 *fill*         0x1000549a        0x2 
 .rodata.panic.str1.4
                0x1000549c       0x12 CMakeFiles/blink.dir/C_/bin/Pico_SDK_v1.5.0/pico-sdk/src/rp2_common/pico_runtime/runtime.c.obj
 *fill*         0x100054ae        0x2 
 .rodata.__func__.2
                0x100054b0        0xd CMakeFiles/blink.dir/C_/bin/Pico_SDK_v1.5.0/pico-sdk/src/rp2_common/pico_runtime/runtime.c.obj
 *fill*         0x100054bd        0x3 
 .rodata._ftoa.str1.4
                0x100054c0       0x15 CMakeFiles/blink.dir/C_/bin/Pico_SDK_v1.5.0/pico-sdk/src/rp2_common/pico_printf/printf.c.obj
 *fill*         0x100054d5        0x3 
 .rodata._vsnprintf
                0x100054d8      0x1e0 CMakeFiles/blink.dir/C_/bin/Pico_SDK_v1.5.0/pico-sdk/src/rp2_common/pico_printf/printf.c.obj
 .rodata.pow10.0
                0x100056b8       0x50 CMakeFiles/blink.dir/C_/bin/Pico_SDK_v1.5.0/pico-sdk/src/rp2_common/pico_printf/printf.c.obj
 .rodata.missing_double_func_shim.str1.4
                0x10005708       0x18 CMakeFiles/blink.dir/C_/bin/Pico_SDK_v1.5.0/pico-sdk/src/rp2_common/pico_double/double_init_rom.c.obj
 .rodata.__aeabi_double_init.str1.4
                0x10005720       0xad CMakeFiles/blink.dir/C_/bin/Pico_SDK_v1.5.0/pico-sdk/src/rp2_common/pico_double/double_init_rom.c.obj
 *fill*         0x100057cd        0x3 
 .rodata.__func__.0
                0x100057d0       0x14 CMakeFiles/blink.dir/C_/bin/Pico_SDK_v1.5.0/pico-sdk/src/rp2_common/pico_double/double_init_rom.c.obj
 .rodata.missing_float_func_shim.str1.4
                0x100057e4        0x1 CMakeFiles/blink.dir/C_/bin/Pico_SDK_v1.5.0/pico-sdk/src/rp2_common/pico_float/float_init_rom.c.obj
 .rodata.__aeabi_float_init.str1.4
                0x100057e4       0x7f CMakeFiles/blink.dir/C_/bin/Pico_SDK_v1.5.0/pico-sdk/src/rp2_common/pico_float/float_init_rom.c.obj
 *fill*         0x10005863        0x1 
 .rodata.__func__.0
                0x10005864       0x13 CMakeFiles/blink.dir/C_/bin/Pico_SDK_v1.5.0/pico-sdk/src/rp2_common/pico_float/float_init_rom.c.obj
 *fill*         0x10005877        0x1 
 .rodata.str1.4
                0x10005878       0x3c CMakeFiles/blink.dir/C_/bin/Pico_SDK_v1.5.0/pico-sdk/src/rp2_common/pico_standard_link/binary_info.c.obj
 .rodata.__bi_44
                0x100058b4        0xc CMakeFiles/blink.dir/C_/bin/Pico_SDK_v1.5.0/pico-sdk/src/rp2_common/pico_standard_link/binary_info.c.obj
 .rodata.__bi_75
                0x100058c0        0xc CMakeFiles/blink.dir/C_/bin/Pico_SDK_v1.5.0/pico-sdk/src/rp2_common/pico_standard_link/binary_info.c.obj
 .rodata.__bi_81
                0x100058cc        0xc CMakeFiles/blink.dir/C_/bin/Pico_SDK_v1.5.0/pico-sdk/src/rp2_common/pico_standard_link/binary_info.c.obj
 .rodata.stdout_serialize_begin.str1.4
                0x100058d8       0x66 CMakeFiles/blink.dir/C_/bin/Pico_SDK_v1.5.0/pico-sdk/src/rp2_common/pico_stdio/stdio.c.obj
 .rodata.__func__.3
                0x100058d8       0x15 CMakeFiles/blink.dir/C_/bin/Pico_SDK_v1.5.0/pico-sdk/src/rp2_common/pico_stdio/stdio.c.obj
 *fill*         0x100058ed        0x3 
 .rodata.crlf_str.2
                0x100058f0        0x2 CMakeFiles/blink.dir/C_/bin/Pico_SDK_v1.5.0/pico-sdk/src/rp2_common/pico_stdio/stdio.c.obj
 *fill*         0x100058f2        0x2 
 .rodata.str1.4
                0x100058f4       0x2c CMakeFiles/blink.dir/C_/bin/Pico_SDK_v1.5.0/pico-sdk/src/rp2_common/pico_stdio_uart/stdio_uart.c.obj
 .rodata.__bi_33.4
                0x10005920        0xc CMakeFiles/blink.dir/C_/bin/Pico_SDK_v1.5.0/pico-sdk/src/rp2_common/pico_stdio_uart/stdio_uart.c.obj
 .rodata.__bi_34.5
                0x1000592c        0x8 CMakeFiles/blink.dir/C_/bin/Pico_SDK_v1.5.0/pico-sdk/src/rp2_common/pico_stdio_uart/stdio_uart.c.obj
                0x10005934                . = ALIGN (0x4)
 *(SORT_BY_ALIGNMENT(SORT_BY_NAME(.flashdata*)))
                0x10005934                . = ALIGN (0x4)

.rel.dyn        0x10005934        0x0
 .rel.iplt      0x10005934        0x0 c:/bin/pico_sdk_v1.5.0/gcc-arm-none-eabi/bin/../lib/gcc/arm-none-eabi/10.3.1/thumb/v6-m/nofp/crtbegin.o

.ARM.extab
 *(.ARM.extab* .gnu.linkonce.armextab.*)
                0x10005934                __exidx_start = .

.ARM.exidx
 *(.ARM.exidx* .gnu.linkonce.armexidx.*)
                0x10005934                __exidx_end = .
                0x10005934                . = ALIGN (0x4)
                0x10005934                __binary_info_start = .

.binary_info    0x10005934       0x24
 *(.binary_info.keep.*)
 .binary_info.keep.__bi_ptr22
                0x10005934        0x4 CMakeFiles/blink.dir/C_/bin/Pico_SDK_v1.5.0/pico-sdk/src/rp2_common/pico_standard_link/binary_info.c.obj
 .binary_info.keep.__bi_ptr30
                0x10005938        0x4 CMakeFiles/blink.dir/C_/bin/Pico_SDK_v1.5.0/pico-sdk/src/rp2_common/pico_standard_link/binary_info.c.obj
 .binary_info.keep.__bi_ptr38
                0x1000593c        0x4 CMakeFiles/blink.dir/C_/bin/Pico_SDK_v1.5.0/pico-sdk/src/rp2_common/pico_standard_link/binary_info.c.obj
 .binary_info.keep.__bi_ptr44
                0x10005940        0x4 CMakeFiles/blink.dir/C_/bin/Pico_SDK_v1.5.0/pico-sdk/src/rp2_common/pico_standard_link/binary_info.c.obj
 .binary_info.keep.__bi_ptr50
                0x10005944        0x4 CMakeFiles/blink.dir/C_/bin/Pico_SDK_v1.5.0/pico-sdk/src/rp2_common/pico_standard_link/binary_info.c.obj
 .binary_info.keep.__bi_ptr75
                0x10005948        0x4 CMakeFiles/blink.dir/C_/bin/Pico_SDK_v1.5.0/pico-sdk/src/rp2_common/pico_standard_link/binary_info.c.obj
 .binary_info.keep.__bi_ptr81
                0x1000594c        0x4 CMakeFiles/blink.dir/C_/bin/Pico_SDK_v1.5.0/pico-sdk/src/rp2_common/pico_standard_link/binary_info.c.obj
 *(.binary_info.*)
 .binary_info.__bi_ptr33
                0x10005950        0x4 CMakeFiles/blink.dir/C_/bin/Pico_SDK_v1.5.0/pico-sdk/src/rp2_common/pico_stdio_uart/stdio_uart.c.obj
 .binary_info.__bi_ptr34
                0x10005954        0x4 CMakeFiles/blink.dir/C_/bin/Pico_SDK_v1.5.0/pico-sdk/src/rp2_common/pico_stdio_uart/stdio_uart.c.obj
                0x10005958                __binary_info_end = .
                0x10005958                . = ALIGN (0x4)
                0x10005958                __etext = .

.ram_vector_table
                0x20000000       0xc0
 *(.ram_vector_table)
 .ram_vector_table
                0x20000000       0xc0 CMakeFiles/blink.dir/C_/bin/Pico_SDK_v1.5.0/pico-sdk/src/rp2_common/pico_runtime/runtime.c.obj
                0x20000000                ram_vector_table

.data           0x200000c0      0x244 load address 0x10005958
                0x200000c0                __data_start__ = .
 *(vtable)
 *(.time_critical*)
 .time_critical.mutex_try_enter
                0x200000c0       0x46 CMakeFiles/blink.dir/C_/bin/Pico_SDK_v1.5.0/pico-sdk/src/common/pico_sync/mutex.c.obj
                0x200000c0                mutex_try_enter
 *fill*         0x20000106        0x2 
 .time_critical.mutex_enter_block_until
                0x20000108       0x8c CMakeFiles/blink.dir/C_/bin/Pico_SDK_v1.5.0/pico-sdk/src/common/pico_sync/mutex.c.obj
                0x20000108                mutex_enter_block_until
 .time_critical.mutex_try_enter_block_until
                0x20000194       0x34 CMakeFiles/blink.dir/C_/bin/Pico_SDK_v1.5.0/pico-sdk/src/common/pico_sync/mutex.c.obj
                0x20000194                mutex_try_enter_block_until
 .time_critical.mutex_exit
                0x200001c8       0x4c CMakeFiles/blink.dir/C_/bin/Pico_SDK_v1.5.0/pico-sdk/src/common/pico_sync/mutex.c.obj
                0x200001c8                mutex_exit
 *(.text*)
 .text          0x20000214        0x4 c:/bin/pico_sdk_v1.5.0/gcc-arm-none-eabi/bin/../lib/gcc/arm-none-eabi/10.3.1/thumb/v6-m/nofp\libgcc.a(_dvmd_tls.o)
                0x20000214                __aeabi_idiv0
                0x20000214                __aeabi_ldiv0
 .text.__stub   0x20000218       0x20 linker stubs
                0x20000238                . = ALIGN (0x4)
 *(.rodata*)
                0x20000238                . = ALIGN (0x4)
 *(.data*)
 .data.striped_spin_lock_num
                0x20000238        0x1 CMakeFiles/blink.dir/C_/bin/Pico_SDK_v1.5.0/pico-sdk/src/rp2_common/hardware_sync/sync.c.obj
 *fill*         0x20000239        0x3 
 .data          0x2000023c       0x48 CMakeFiles/blink.dir/C_/bin/Pico_SDK_v1.5.0/pico-sdk/src/rp2_common/hardware_irq/irq_handler_chain.S.obj
                0x2000023c                irq_handler_chain_slots
                0x2000026c                irq_handler_chain_first_slot
                0x20000276                irq_handler_chain_remove_tail
 .data.default_alarm_pool
                0x20000284       0x18 CMakeFiles/blink.dir/C_/bin/Pico_SDK_v1.5.0/pico-sdk/src/common/pico_time/time.c.obj
 .data.default_alarm_pool_heap
                0x2000029c       0x10 CMakeFiles/blink.dir/C_/bin/Pico_SDK_v1.5.0/pico-sdk/src/common/pico_time/time.c.obj
 *fill*         0x200002ac        0x4 
 .data.aeabi_bits_funcs
                0x200002b0       0x10 CMakeFiles/blink.dir/C_/bin/Pico_SDK_v1.5.0/pico-sdk/src/rp2_common/pico_bit_ops/bit_ops_aeabi.S.obj
                0x200002b0                aeabi_bits_funcs
                0x200002c0                aeabi_bits_funcs_end
 .data.aeabi_mem_funcs
                0x200002c0       0x10 CMakeFiles/blink.dir/C_/bin/Pico_SDK_v1.5.0/pico-sdk/src/rp2_common/pico_mem_ops/mem_ops_aeabi.S.obj
                0x200002c0                aeabi_mem_funcs
                0x200002d0                aeabi_mem_funcs_end
 .data.stdio_uart
                0x200002d0       0x18 CMakeFiles/blink.dir/C_/bin/Pico_SDK_v1.5.0/pico-sdk/src/rp2_common/pico_stdio_uart/stdio_uart.c.obj
                0x200002d0                stdio_uart
                0x200002e8                . = ALIGN (0x4)
 *(.after_data.*)
                0x200002e8                . = ALIGN (0x4)
                0x200002e8                PROVIDE (__mutex_array_start = .)
 *(SORT_BY_NAME(.mutex_array.*))
 *(.mutex_array)
 .mutex_array   0x200002e8        0x8 CMakeFiles/blink.dir/C_/bin/Pico_SDK_v1.5.0/pico-sdk/src/rp2_common/pico_stdio/stdio.c.obj
                0x200002f0                PROVIDE (__mutex_array_end = .)
                0x200002f0                . = ALIGN (0x4)
                0x200002f0                PROVIDE (__preinit_array_start = .)
 *(SORT_BY_NAME(.preinit_array.*))
 .preinit_array.00001
                0x200002f0        0x4 CMakeFiles/blink.dir/C_/bin/Pico_SDK_v1.5.0/pico-sdk/src/rp2_common/pico_mem_ops/mem_ops_aeabi.S.obj
 .preinit_array.00010
                0x200002f4        0x4 CMakeFiles/blink.dir/C_/bin/Pico_SDK_v1.5.0/pico-sdk/src/rp2_common/pico_bit_ops/bit_ops_aeabi.S.obj
 .preinit_array.00020
                0x200002f8        0x4 CMakeFiles/blink.dir/C_/bin/Pico_SDK_v1.5.0/pico-sdk/src/rp2_common/pico_double/double_aeabi.S.obj
 .preinit_array.00020
                0x200002fc        0x4 CMakeFiles/blink.dir/C_/bin/Pico_SDK_v1.5.0/pico-sdk/src/rp2_common/pico_float/float_aeabi.S.obj
 *(.preinit_array)
                0x20000300                PROVIDE (__preinit_array_end = .)
                0x20000300                . = ALIGN (0x4)
                0x20000300                PROVIDE (__init_array_start = .)
 *(SORT_BY_NAME(.init_array.*))
 *(.init_array)
 .init_array    0x20000300        0x4 c:/bin/pico_sdk_v1.5.0/gcc-arm-none-eabi/bin/../lib/gcc/arm-none-eabi/10.3.1/thumb/v6-m/nofp/crtbegin.o
                0x20000304                PROVIDE (__init_array_end = .)
                0x20000304                . = ALIGN (0x4)
                [!provide]                PROVIDE (__fini_array_start = .)
 *(SORT_BY_NAME(.fini_array.*))
 *(.fini_array)
                [!provide]                PROVIDE (__fini_array_end = .)
 *(.jcr)
                0x20000304                . = ALIGN (0x4)
                0x20000304                __data_end__ = .

.igot.plt       0x20000304        0x0 load address 0x10005b9c
 .igot.plt      0x20000304        0x0 c:/bin/pico_sdk_v1.5.0/gcc-arm-none-eabi/bin/../lib/gcc/arm-none-eabi/10.3.1/thumb/v6-m/nofp/crtbegin.o

.uninitialized_data
                0x20000304        0x0 load address 0x10005b9c
                0x20000304                . = ALIGN (0x4)
 *(.uninitialized_data*)

.scratch_x      0x20040000        0x0 load address 0x10005b9c
                0x20040000                __scratch_x_start__ = .
 *(.scratch_x.*)
                0x20040000                . = ALIGN (0x4)
                0x20040000                __scratch_x_end__ = .
                0x10005b9c                __scratch_x_source__ = LOADADDR (.scratch_x)

.scratch_y      0x20041000        0x0 load address 0x10005b9c
                0x20041000                __scratch_y_start__ = .
 *(.scratch_y.*)
                0x20041000                . = ALIGN (0x4)
                0x20041000                __scratch_y_end__ = .
                0x10005b9c                __scratch_y_source__ = LOADADDR (.scratch_y)

.bss            0x20000308      0x3f4
                0x20000308                . = ALIGN (0x4)
                0x20000308                __bss_start__ = .
 *(SORT_BY_ALIGNMENT(SORT_BY_NAME(.bss*)))
 .bss.default_alarm_pool_entries
                0x20000308      0x100 CMakeFiles/blink.dir/C_/bin/Pico_SDK_v1.5.0/pico-sdk/src/common/pico_time/time.c.obj
 .bss           0x20000408       0x1c c:/bin/pico_sdk_v1.5.0/gcc-arm-none-eabi/bin/../lib/gcc/arm-none-eabi/10.3.1/thumb/v6-m/nofp/crtbegin.o
 .bss.alarm_callbacks
                0x20000424       0x10 CMakeFiles/blink.dir/C_/bin/Pico_SDK_v1.5.0/pico-sdk/src/rp2_common/hardware_timer/timer.c.obj
 .bss.callbacks
                0x20000434        0x8 CMakeFiles/blink.dir/C_/bin/Pico_SDK_v1.5.0/pico-sdk/src/rp2_common/hardware_gpio/gpio.c.obj
 .bss.chars_available_callback
                0x2000043c        0x4 CMakeFiles/blink.dir/C_/bin/Pico_SDK_v1.5.0/pico-sdk/src/rp2_common/pico_stdio_uart/stdio_uart.c.obj
 .bss.chars_available_param
                0x20000440        0x4 CMakeFiles/blink.dir/C_/bin/Pico_SDK_v1.5.0/pico-sdk/src/rp2_common/pico_stdio_uart/stdio_uart.c.obj
 .bss.configured_freq
                0x20000444       0x28 CMakeFiles/blink.dir/C_/bin/Pico_SDK_v1.5.0/pico-sdk/src/rp2_common/hardware_clocks/clocks.c.obj
 .bss.default_alarm_pool_entry_ids_high
                0x2000046c       0x10 CMakeFiles/blink.dir/C_/bin/Pico_SDK_v1.5.0/pico-sdk/src/common/pico_time/time.c.obj
 .bss.default_alarm_pool_heap_nodes
                0x2000047c       0x30 CMakeFiles/blink.dir/C_/bin/Pico_SDK_v1.5.0/pico-sdk/src/common/pico_time/time.c.obj
 .bss.drivers   0x200004ac        0x4 CMakeFiles/blink.dir/C_/bin/Pico_SDK_v1.5.0/pico-sdk/src/rp2_common/pico_stdio/stdio.c.obj
 .bss.filter    0x200004b0        0x4 CMakeFiles/blink.dir/C_/bin/Pico_SDK_v1.5.0/pico-sdk/src/rp2_common/pico_stdio/stdio.c.obj
 .bss.pools     0x200004b4       0x10 CMakeFiles/blink.dir/C_/bin/Pico_SDK_v1.5.0/pico-sdk/src/common/pico_time/time.c.obj
 .bss.raw_irq_mask
                0x200004c4        0x8 CMakeFiles/blink.dir/C_/bin/Pico_SDK_v1.5.0/pico-sdk/src/rp2_common/hardware_gpio/gpio.c.obj
 .bss.sd_table  0x200004cc      0x100 CMakeFiles/blink.dir/C_/bin/Pico_SDK_v1.5.0/pico-sdk/src/rp2_common/pico_double/double_init_rom.c.obj
                0x200004cc                sd_table
 .bss.sf_clz_func
                0x200005cc        0x4 CMakeFiles/blink.dir/C_/bin/Pico_SDK_v1.5.0/pico-sdk/src/rp2_common/pico_double/double_init_rom.c.obj
                0x200005cc                sf_clz_func
 .bss.sf_table  0x200005d0      0x100 CMakeFiles/blink.dir/C_/bin/Pico_SDK_v1.5.0/pico-sdk/src/rp2_common/pico_float/float_init_rom.c.obj
                0x200005d0                sf_table
 .bss.sleep_notifier
                0x200006d0        0x4 CMakeFiles/blink.dir/C_/bin/Pico_SDK_v1.5.0/pico-sdk/src/common/pico_time/time.c.obj
 .bss.step_index.1
                0x200006d4        0x4 CMakeFiles/blink.dir/main.c.obj
 .bss.steps_per_revolution
                0x200006d8        0x4 CMakeFiles/blink.dir/main.c.obj
                0x200006d8                steps_per_revolution
 .bss.target_hi
                0x200006dc       0x10 CMakeFiles/blink.dir/C_/bin/Pico_SDK_v1.5.0/pico-sdk/src/rp2_common/hardware_timer/timer.c.obj
 .bss.uart_char_to_line_feed
                0x200006ec        0x4 CMakeFiles/blink.dir/C_/bin/Pico_SDK_v1.5.0/pico-sdk/src/rp2_common/hardware_uart/uart.c.obj
                0x200006ec                uart_char_to_line_feed
 .bss.uart_instance
                0x200006f0        0x4 CMakeFiles/blink.dir/C_/bin/Pico_SDK_v1.5.0/pico-sdk/src/rp2_common/pico_stdio_uart/stdio_uart.c.obj
 .bss.claimed   0x200006f4        0x1 CMakeFiles/blink.dir/C_/bin/Pico_SDK_v1.5.0/pico-sdk/src/rp2_common/hardware_timer/timer.c.obj
 .bss.irq_hander_chain_free_slot_head
                0x200006f5        0x1 CMakeFiles/blink.dir/C_/bin/Pico_SDK_v1.5.0/pico-sdk/src/rp2_common/hardware_irq/irq.c.obj
 .bss.sensor_triggered
                0x200006f6        0x1 CMakeFiles/blink.dir/main.c.obj
                0x200006f6                sensor_triggered
 .bss.system_calibrated
                0x200006f7        0x1 CMakeFiles/blink.dir/main.c.obj
                0x200006f7                system_calibrated
 .bss.timer_callbacks_pending
                0x200006f8        0x1 CMakeFiles/blink.dir/C_/bin/Pico_SDK_v1.5.0/pico-sdk/src/rp2_common/hardware_timer/timer.c.obj
 *(COMMON)
                0x200006fc                . = ALIGN (0x4)
 *fill*         0x200006f9        0x3 
                0x200006fc                __bss_end__ = .

.heap           0x200006fc      0x800
                0x200006fc                __end__ = .
                0x200006fc                end = __end__
 *(.heap*)
 .heap          0x200006fc      0x800 CMakeFiles/blink.dir/C_/bin/Pico_SDK_v1.5.0/pico-sdk/src/rp2_common/pico_standard_link/crt0.S.obj
                0x20000efc                __HeapLimit = .

.stack1_dummy   0x20040000        0x0
 *(.stack1*)

.stack_dummy    0x20041000      0x800
 *(.stack*)
 .stack         0x20041000      0x800 CMakeFiles/blink.dir/C_/bin/Pico_SDK_v1.5.0/pico-sdk/src/rp2_common/pico_standard_link/crt0.S.obj

.flash_end      0x10005b9c        0x0
                0x10005b9c                __flash_binary_end = .
                0x20040000                __StackLimit = (ORIGIN (RAM) + LENGTH (RAM))
                0x20041000                __StackOneTop = (ORIGIN (SCRATCH_X) + LENGTH (SCRATCH_X))
                0x20042000                __StackTop = (ORIGIN (SCRATCH_Y) + LENGTH (SCRATCH_Y))
                0x20041000                __StackOneBottom = (__StackOneTop - SIZEOF (.stack1_dummy))
                0x20041800                __StackBottom = (__StackTop - SIZEOF (.stack_dummy))
                0x20042000                PROVIDE (__stack = __StackTop)
                0x00000001                ASSERT ((__StackLimit >= __HeapLimit), region RAM overflowed)
                0x00000001                ASSERT (((__binary_info_header_end - __logical_binary_start) <= 0x100), Binary info must be in first 256 bytes of the binary)
LOAD CMakeFiles/blink.dir/main.c.obj
LOAD CMakeFiles/blink.dir/C_/bin/Pico_SDK_v1.5.0/pico-sdk/src/rp2_common/pico_stdlib/stdlib.c.obj
LOAD CMakeFiles/blink.dir/C_/bin/Pico_SDK_v1.5.0/pico-sdk/src/rp2_common/hardware_gpio/gpio.c.obj
LOAD CMakeFiles/blink.dir/C_/bin/Pico_SDK_v1.5.0/pico-sdk/src/rp2_common/pico_platform/platform.c.obj
LOAD CMakeFiles/blink.dir/C_/bin/Pico_SDK_v1.5.0/pico-sdk/src/rp2_common/hardware_claim/claim.c.obj
LOAD CMakeFiles/blink.dir/C_/bin/Pico_SDK_v1.5.0/pico-sdk/src/rp2_common/hardware_sync/sync.c.obj
LOAD CMakeFiles/blink.dir/C_/bin/Pico_SDK_v1.5.0/pico-sdk/src/rp2_common/hardware_irq/irq.c.obj
LOAD CMakeFiles/blink.dir/C_/bin/Pico_SDK_v1.5.0/pico-sdk/src/rp2_common/hardware_irq/irq_handler_chain.S.obj
LOAD CMakeFiles/blink.dir/C_/bin/Pico_SDK_v1.5.0/pico-sdk/src/common/pico_sync/sem.c.obj
LOAD CMakeFiles/blink.dir/C_/bin/Pico_SDK_v1.5.0/pico-sdk/src/common/pico_sync/lock_core.c.obj
LOAD CMakeFiles/blink.dir/C_/bin/Pico_SDK_v1.5.0/pico-sdk/src/common/pico_sync/mutex.c.obj
LOAD CMakeFiles/blink.dir/C_/bin/Pico_SDK_v1.5.0/pico-sdk/src/common/pico_sync/critical_section.c.obj
LOAD CMakeFiles/blink.dir/C_/bin/Pico_SDK_v1.5.0/pico-sdk/src/common/pico_time/time.c.obj
LOAD CMakeFiles/blink.dir/C_/bin/Pico_SDK_v1.5.0/pico-sdk/src/common/pico_time/timeout_helper.c.obj
LOAD CMakeFiles/blink.dir/C_/bin/Pico_SDK_v1.5.0/pico-sdk/src/rp2_common/hardware_timer/timer.c.obj
LOAD CMakeFiles/blink.dir/C_/bin/Pico_SDK_v1.5.0/pico-sdk/src/common/pico_util/datetime.c.obj
LOAD CMakeFiles/blink.dir/C_/bin/Pico_SDK_v1.5.0/pico-sdk/src/common/pico_util/pheap.c.obj
LOAD CMakeFiles/blink.dir/C_/bin/Pico_SDK_v1.5.0/pico-sdk/src/common/pico_util/queue.c.obj
LOAD CMakeFiles/blink.dir/C_/bin/Pico_SDK_v1.5.0/pico-sdk/src/rp2_common/hardware_uart/uart.c.obj
LOAD CMakeFiles/blink.dir/C_/bin/Pico_SDK_v1.5.0/pico-sdk/src/rp2_common/hardware_clocks/clocks.c.obj
LOAD CMakeFiles/blink.dir/C_/bin/Pico_SDK_v1.5.0/pico-sdk/src/rp2_common/hardware_pll/pll.c.obj
LOAD CMakeFiles/blink.dir/C_/bin/Pico_SDK_v1.5.0/pico-sdk/src/rp2_common/hardware_vreg/vreg.c.obj
LOAD CMakeFiles/blink.dir/C_/bin/Pico_SDK_v1.5.0/pico-sdk/src/rp2_common/hardware_watchdog/watchdog.c.obj
LOAD CMakeFiles/blink.dir/C_/bin/Pico_SDK_v1.5.0/pico-sdk/src/rp2_common/hardware_xosc/xosc.c.obj
LOAD CMakeFiles/blink.dir/C_/bin/Pico_SDK_v1.5.0/pico-sdk/src/rp2_common/hardware_divider/divider.S.obj
LOAD CMakeFiles/blink.dir/C_/bin/Pico_SDK_v1.5.0/pico-sdk/src/rp2_common/pico_runtime/runtime.c.obj
LOAD CMakeFiles/blink.dir/C_/bin/Pico_SDK_v1.5.0/pico-sdk/src/rp2_common/pico_printf/printf.c.obj
LOAD CMakeFiles/blink.dir/C_/bin/Pico_SDK_v1.5.0/pico-sdk/src/rp2_common/pico_bit_ops/bit_ops_aeabi.S.obj
LOAD CMakeFiles/blink.dir/C_/bin/Pico_SDK_v1.5.0/pico-sdk/src/rp2_common/pico_bootrom/bootrom.c.obj
LOAD CMakeFiles/blink.dir/C_/bin/Pico_SDK_v1.5.0/pico-sdk/src/rp2_common/pico_divider/divider.S.obj
LOAD CMakeFiles/blink.dir/C_/bin/Pico_SDK_v1.5.0/pico-sdk/src/rp2_common/pico_double/double_aeabi.S.obj
LOAD CMakeFiles/blink.dir/C_/bin/Pico_SDK_v1.5.0/pico-sdk/src/rp2_common/pico_double/double_init_rom.c.obj
LOAD CMakeFiles/blink.dir/C_/bin/Pico_SDK_v1.5.0/pico-sdk/src/rp2_common/pico_double/double_math.c.obj
LOAD CMakeFiles/blink.dir/C_/bin/Pico_SDK_v1.5.0/pico-sdk/src/rp2_common/pico_double/double_v1_rom_shim.S.obj
LOAD CMakeFiles/blink.dir/C_/bin/Pico_SDK_v1.5.0/pico-sdk/src/rp2_common/pico_int64_ops/pico_int64_ops_aeabi.S.obj
LOAD CMakeFiles/blink.dir/C_/bin/Pico_SDK_v1.5.0/pico-sdk/src/rp2_common/pico_float/float_aeabi.S.obj
LOAD CMakeFiles/blink.dir/C_/bin/Pico_SDK_v1.5.0/pico-sdk/src/rp2_common/pico_float/float_init_rom.c.obj
LOAD CMakeFiles/blink.dir/C_/bin/Pico_SDK_v1.5.0/pico-sdk/src/rp2_common/pico_float/float_math.c.obj
LOAD CMakeFiles/blink.dir/C_/bin/Pico_SDK_v1.5.0/pico-sdk/src/rp2_common/pico_float/float_v1_rom_shim.S.obj
LOAD CMakeFiles/blink.dir/C_/bin/Pico_SDK_v1.5.0/pico-sdk/src/rp2_common/pico_malloc/pico_malloc.c.obj
LOAD CMakeFiles/blink.dir/C_/bin/Pico_SDK_v1.5.0/pico-sdk/src/rp2_common/pico_mem_ops/mem_ops_aeabi.S.obj
LOAD CMakeFiles/blink.dir/C_/bin/Pico_SDK_v1.5.0/pico-sdk/src/rp2_common/pico_standard_link/crt0.S.obj
LOAD CMakeFiles/blink.dir/C_/bin/Pico_SDK_v1.5.0/pico-sdk/src/rp2_common/pico_standard_link/new_delete.cpp.obj
LOAD CMakeFiles/blink.dir/C_/bin/Pico_SDK_v1.5.0/pico-sdk/src/rp2_common/pico_standard_link/binary_info.c.obj
LOAD CMakeFiles/blink.dir/C_/bin/Pico_SDK_v1.5.0/pico-sdk/src/rp2_common/pico_stdio/stdio.c.obj
LOAD CMakeFiles/blink.dir/C_/bin/Pico_SDK_v1.5.0/pico-sdk/src/rp2_common/pico_stdio_uart/stdio_uart.c.obj
LOAD CMakeFiles/blink.dir/C_/bin/Pico_SDK_v1.5.0/pico-sdk/src/rp2_common/hardware_i2c/i2c.c.obj
LOAD C:\Windows\TEMP\ccoTj7jN.o
LOAD c:/bin/pico_sdk_v1.5.0/gcc-arm-none-eabi/bin/../lib/gcc/arm-none-eabi/10.3.1/../../../../arm-none-eabi/lib/thumb/v6-m/nofp\libstdc++.a
LOAD c:/bin/pico_sdk_v1.5.0/gcc-arm-none-eabi/bin/../lib/gcc/arm-none-eabi/10.3.1/../../../../arm-none-eabi/lib/thumb/v6-m/nofp\libm.a
START GROUP
LOAD c:/bin/pico_sdk_v1.5.0/gcc-arm-none-eabi/bin/../lib/gcc/arm-none-eabi/10.3.1/thumb/v6-m/nofp\libgcc.a
LOAD c:/bin/pico_sdk_v1.5.0/gcc-arm-none-eabi/bin/../lib/gcc/arm-none-eabi/10.3.1/../../../../arm-none-eabi/lib/thumb/v6-m/nofp\libg.a
LOAD c:/bin/pico_sdk_v1.5.0/gcc-arm-none-eabi/bin/../lib/gcc/arm-none-eabi/10.3.1/../../../../arm-none-eabi/lib/thumb/v6-m/nofp\libc.a
END GROUP
START GROUP
LOAD c:/bin/pico_sdk_v1.5.0/gcc-arm-none-eabi/bin/../lib/gcc/arm-none-eabi/10.3.1/thumb/v6-m/nofp\libgcc.a
LOAD c:/bin/pico_sdk_v1.5.0/gcc-arm-none-eabi/bin/../lib/gcc/arm-none-eabi/10.3.1/../../../../arm-none-eabi/lib/thumb/v6-m/nofp\libc.a
LOAD c:/bin/pico_sdk_v1.5.0/gcc-arm-none-eabi/bin/../lib/gcc/arm-none-eabi/10.3.1/../../../../arm-none-eabi/lib/thumb/v6-m/nofp\libnosys.a
END GROUP
LOAD c:/bin/pico_sdk_v1.5.0/gcc-arm-none-eabi/bin/../lib/gcc/arm-none-eabi/10.3.1/thumb/v6-m/nofp/crtend.o
LOAD c:/bin/pico_sdk_v1.5.0/gcc-arm-none-eabi/bin/../lib/gcc/arm-none-eabi/10.3.1/thumb/v6-m/nofp/crtn.o
OUTPUT(blink.elf elf32-littlearm)
LOAD linker stubs

.ARM.attributes
                0x00000000       0x28
 .ARM.attributes
                0x00000000       0x1e c:/bin/pico_sdk_v1.5.0/gcc-arm-none-eabi/bin/../lib/gcc/arm-none-eabi/10.3.1/thumb/v6-m/nofp/crti.o
 .ARM.attributes
                0x0000001e       0x2c c:/bin/pico_sdk_v1.5.0/gcc-arm-none-eabi/bin/../lib/gcc/arm-none-eabi/10.3.1/thumb/v6-m/nofp/crtbegin.o
 .ARM.attributes
                0x0000004a       0x2c CMakeFiles/blink.dir/main.c.obj
 .ARM.attributes
                0x00000076       0x2c CMakeFiles/blink.dir/C_/bin/Pico_SDK_v1.5.0/pico-sdk/src/rp2_common/hardware_gpio/gpio.c.obj
 .ARM.attributes
                0x000000a2       0x2c CMakeFiles/blink.dir/C_/bin/Pico_SDK_v1.5.0/pico-sdk/src/rp2_common/pico_platform/platform.c.obj
 .ARM.attributes
                0x000000ce       0x2c CMakeFiles/blink.dir/C_/bin/Pico_SDK_v1.5.0/pico-sdk/src/rp2_common/hardware_claim/claim.c.obj
 .ARM.attributes
                0x000000fa       0x2c CMakeFiles/blink.dir/C_/bin/Pico_SDK_v1.5.0/pico-sdk/src/rp2_common/hardware_sync/sync.c.obj
 .ARM.attributes
                0x00000126       0x2c CMakeFiles/blink.dir/C_/bin/Pico_SDK_v1.5.0/pico-sdk/src/rp2_common/hardware_irq/irq.c.obj
 .ARM.attributes
                0x00000152       0x22 CMakeFiles/blink.dir/C_/bin/Pico_SDK_v1.5.0/pico-sdk/src/rp2_common/hardware_irq/irq_handler_chain.S.obj
 .ARM.attributes
                0x00000174       0x2c CMakeFiles/blink.dir/C_/bin/Pico_SDK_v1.5.0/pico-sdk/src/common/pico_sync/lock_core.c.obj
 .ARM.attributes
                0x000001a0       0x2c CMakeFiles/blink.dir/C_/bin/Pico_SDK_v1.5.0/pico-sdk/src/common/pico_sync/mutex.c.obj
 .ARM.attributes
                0x000001cc       0x2c CMakeFiles/blink.dir/C_/bin/Pico_SDK_v1.5.0/pico-sdk/src/common/pico_time/time.c.obj
 .ARM.attributes
                0x000001f8       0x2c CMakeFiles/blink.dir/C_/bin/Pico_SDK_v1.5.0/pico-sdk/src/rp2_common/hardware_timer/timer.c.obj
 .ARM.attributes
                0x00000224       0x2c CMakeFiles/blink.dir/C_/bin/Pico_SDK_v1.5.0/pico-sdk/src/common/pico_util/pheap.c.obj
 .ARM.attributes
                0x00000250       0x2c CMakeFiles/blink.dir/C_/bin/Pico_SDK_v1.5.0/pico-sdk/src/rp2_common/hardware_uart/uart.c.obj
 .ARM.attributes
                0x0000027c       0x2c CMakeFiles/blink.dir/C_/bin/Pico_SDK_v1.5.0/pico-sdk/src/rp2_common/hardware_clocks/clocks.c.obj
 .ARM.attributes
                0x000002a8       0x2c CMakeFiles/blink.dir/C_/bin/Pico_SDK_v1.5.0/pico-sdk/src/rp2_common/hardware_pll/pll.c.obj
 .ARM.attributes
                0x000002d4       0x2c CMakeFiles/blink.dir/C_/bin/Pico_SDK_v1.5.0/pico-sdk/src/rp2_common/hardware_watchdog/watchdog.c.obj
 .ARM.attributes
                0x00000300       0x2c CMakeFiles/blink.dir/C_/bin/Pico_SDK_v1.5.0/pico-sdk/src/rp2_common/hardware_xosc/xosc.c.obj
 .ARM.attributes
                0x0000032c       0x2c CMakeFiles/blink.dir/C_/bin/Pico_SDK_v1.5.0/pico-sdk/src/rp2_common/pico_runtime/runtime.c.obj
 .ARM.attributes
                0x00000358       0x2c CMakeFiles/blink.dir/C_/bin/Pico_SDK_v1.5.0/pico-sdk/src/rp2_common/pico_printf/printf.c.obj
 .ARM.attributes
                0x00000384       0x22 CMakeFiles/blink.dir/C_/bin/Pico_SDK_v1.5.0/pico-sdk/src/rp2_common/pico_bit_ops/bit_ops_aeabi.S.obj
 .ARM.attributes
                0x000003a6       0x2c CMakeFiles/blink.dir/C_/bin/Pico_SDK_v1.5.0/pico-sdk/src/rp2_common/pico_bootrom/bootrom.c.obj
 .ARM.attributes
                0x000003d2       0x22 CMakeFiles/blink.dir/C_/bin/Pico_SDK_v1.5.0/pico-sdk/src/rp2_common/pico_divider/divider.S.obj
 .ARM.attributes
                0x000003f4       0x22 CMakeFiles/blink.dir/C_/bin/Pico_SDK_v1.5.0/pico-sdk/src/rp2_common/pico_double/double_aeabi.S.obj
 .ARM.attributes
                0x00000416       0x2c CMakeFiles/blink.dir/C_/bin/Pico_SDK_v1.5.0/pico-sdk/src/rp2_common/pico_double/double_init_rom.c.obj
 .ARM.attributes
                0x00000442       0x22 CMakeFiles/blink.dir/C_/bin/Pico_SDK_v1.5.0/pico-sdk/src/rp2_common/pico_double/double_v1_rom_shim.S.obj
 .ARM.attributes
                0x00000464       0x22 CMakeFiles/blink.dir/C_/bin/Pico_SDK_v1.5.0/pico-sdk/src/rp2_common/pico_int64_ops/pico_int64_ops_aeabi.S.obj
 .ARM.attributes
                0x00000486       0x22 CMakeFiles/blink.dir/C_/bin/Pico_SDK_v1.5.0/pico-sdk/src/rp2_common/pico_float/float_aeabi.S.obj
 .ARM.attributes
                0x000004a8       0x2c CMakeFiles/blink.dir/C_/bin/Pico_SDK_v1.5.0/pico-sdk/src/rp2_common/pico_float/float_init_rom.c.obj
 .ARM.attributes
                0x000004d4       0x22 CMakeFiles/blink.dir/C_/bin/Pico_SDK_v1.5.0/pico-sdk/src/rp2_common/pico_mem_ops/mem_ops_aeabi.S.obj
 .ARM.attributes
                0x000004f6       0x22 CMakeFiles/blink.dir/C_/bin/Pico_SDK_v1.5.0/pico-sdk/src/rp2_common/pico_standard_link/crt0.S.obj
 .ARM.attributes
                0x00000518       0x2c CMakeFiles/blink.dir/C_/bin/Pico_SDK_v1.5.0/pico-sdk/src/rp2_common/pico_standard_link/binary_info.c.obj
 .ARM.attributes
                0x00000544       0x2c CMakeFiles/blink.dir/C_/bin/Pico_SDK_v1.5.0/pico-sdk/src/rp2_common/pico_stdio/stdio.c.obj
 .ARM.attributes
                0x00000570       0x2c CMakeFiles/blink.dir/C_/bin/Pico_SDK_v1.5.0/pico-sdk/src/rp2_common/pico_stdio_uart/stdio_uart.c.obj
 .ARM.attributes
                0x0000059c       0x22 C:\Windows\TEMP\ccoTj7jN.o
 .ARM.attributes
                0x000005be       0x1e c:/bin/pico_sdk_v1.5.0/gcc-arm-none-eabi/bin/../lib/gcc/arm-none-eabi/10.3.1/thumb/v6-m/nofp\libgcc.a(_dvmd_tls.o)
 .ARM.attributes
                0x000005dc       0x2c c:/bin/pico_sdk_v1.5.0/gcc-arm-none-eabi/bin/../lib/gcc/arm-none-eabi/10.3.1/../../../../arm-none-eabi/lib/thumb/v6-m/nofp\libg.a(lib_a-strlen-stub.o)

.comment        0x00000000       0x49
 .comment       0x00000000       0x49 CMakeFiles/blink.dir/main.c.obj
                                 0x4a (size before relaxing)
 .comment       0x00000049       0x4a CMakeFiles/blink.dir/C_/bin/Pico_SDK_v1.5.0/pico-sdk/src/rp2_common/hardware_gpio/gpio.c.obj
 .comment       0x00000049       0x4a CMakeFiles/blink.dir/C_/bin/Pico_SDK_v1.5.0/pico-sdk/src/rp2_common/pico_platform/platform.c.obj
 .comment       0x00000049       0x4a CMakeFiles/blink.dir/C_/bin/Pico_SDK_v1.5.0/pico-sdk/src/rp2_common/hardware_claim/claim.c.obj
 .comment       0x00000049       0x4a CMakeFiles/blink.dir/C_/bin/Pico_SDK_v1.5.0/pico-sdk/src/rp2_common/hardware_sync/sync.c.obj
 .comment       0x00000049       0x4a CMakeFiles/blink.dir/C_/bin/Pico_SDK_v1.5.0/pico-sdk/src/rp2_common/hardware_irq/irq.c.obj
 .comment       0x00000049       0x4a CMakeFiles/blink.dir/C_/bin/Pico_SDK_v1.5.0/pico-sdk/src/common/pico_sync/lock_core.c.obj
 .comment       0x00000049       0x4a CMakeFiles/blink.dir/C_/bin/Pico_SDK_v1.5.0/pico-sdk/src/common/pico_sync/mutex.c.obj
 .comment       0x00000049       0x4a CMakeFiles/blink.dir/C_/bin/Pico_SDK_v1.5.0/pico-sdk/src/common/pico_time/time.c.obj
 .comment       0x00000049       0x4a CMakeFiles/blink.dir/C_/bin/Pico_SDK_v1.5.0/pico-sdk/src/rp2_common/hardware_timer/timer.c.obj
 .comment       0x00000049       0x4a CMakeFiles/blink.dir/C_/bin/Pico_SDK_v1.5.0/pico-sdk/src/common/pico_util/pheap.c.obj
 .comment       0x00000049       0x4a CMakeFiles/blink.dir/C_/bin/Pico_SDK_v1.5.0/pico-sdk/src/rp2_common/hardware_uart/uart.c.obj
 .comment       0x00000049       0x4a CMakeFiles/blink.dir/C_/bin/Pico_SDK_v1.5.0/pico-sdk/src/rp2_common/hardware_clocks/clocks.c.obj
 .comment       0x00000049       0x4a CMakeFiles/blink.dir/C_/bin/Pico_SDK_v1.5.0/pico-sdk/src/rp2_common/hardware_pll/pll.c.obj
 .comment       0x00000049       0x4a CMakeFiles/blink.dir/C_/bin/Pico_SDK_v1.5.0/pico-sdk/src/rp2_common/hardware_watchdog/watchdog.c.obj
 .comment       0x00000049       0x4a CMakeFiles/blink.dir/C_/bin/Pico_SDK_v1.5.0/pico-sdk/src/rp2_common/hardware_xosc/xosc.c.obj
 .comment       0x00000049       0x4a CMakeFiles/blink.dir/C_/bin/Pico_SDK_v1.5.0/pico-sdk/src/rp2_common/pico_runtime/runtime.c.obj
 .comment       0x00000049       0x4a CMakeFiles/blink.dir/C_/bin/Pico_SDK_v1.5.0/pico-sdk/src/rp2_common/pico_printf/printf.c.obj
 .comment       0x00000049       0x4a CMakeFiles/blink.dir/C_/bin/Pico_SDK_v1.5.0/pico-sdk/src/rp2_common/pico_bootrom/bootrom.c.obj
 .comment       0x00000049       0x4a CMakeFiles/blink.dir/C_/bin/Pico_SDK_v1.5.0/pico-sdk/src/rp2_common/pico_double/double_init_rom.c.obj
 .comment       0x00000049       0x4a CMakeFiles/blink.dir/C_/bin/Pico_SDK_v1.5.0/pico-sdk/src/rp2_common/pico_float/float_init_rom.c.obj
 .comment       0x00000049       0x4a CMakeFiles/blink.dir/C_/bin/Pico_SDK_v1.5.0/pico-sdk/src/rp2_common/pico_standard_link/binary_info.c.obj
 .comment       0x00000049       0x4a CMakeFiles/blink.dir/C_/bin/Pico_SDK_v1.5.0/pico-sdk/src/rp2_common/pico_stdio/stdio.c.obj
 .comment       0x00000049       0x4a CMakeFiles/blink.dir/C_/bin/Pico_SDK_v1.5.0/pico-sdk/src/rp2_common/pico_stdio_uart/stdio_uart.c.obj

.debug_info     0x00000000    0x16a55
 .debug_info    0x00000000     0x1992 CMakeFiles/blink.dir/main.c.obj
 .debug_info    0x00001992     0x16d8 CMakeFiles/blink.dir/C_/bin/Pico_SDK_v1.5.0/pico-sdk/src/rp2_common/hardware_gpio/gpio.c.obj
 .debug_info    0x0000306a      0x1e3 CMakeFiles/blink.dir/C_/bin/Pico_SDK_v1.5.0/pico-sdk/src/rp2_common/pico_platform/platform.c.obj
 .debug_info    0x0000324d      0x6bc CMakeFiles/blink.dir/C_/bin/Pico_SDK_v1.5.0/pico-sdk/src/rp2_common/hardware_claim/claim.c.obj
 .debug_info    0x00003909      0x58e CMakeFiles/blink.dir/C_/bin/Pico_SDK_v1.5.0/pico-sdk/src/rp2_common/hardware_sync/sync.c.obj
 .debug_info    0x00003e97     0x1c9c CMakeFiles/blink.dir/C_/bin/Pico_SDK_v1.5.0/pico-sdk/src/rp2_common/hardware_irq/irq.c.obj
 .debug_info    0x00005b33      0x1a4 CMakeFiles/blink.dir/C_/bin/Pico_SDK_v1.5.0/pico-sdk/src/common/pico_sync/lock_core.c.obj
 .debug_info    0x00005cd7     0x20d3 CMakeFiles/blink.dir/C_/bin/Pico_SDK_v1.5.0/pico-sdk/src/common/pico_sync/mutex.c.obj
 .debug_info    0x00007daa     0x4066 CMakeFiles/blink.dir/C_/bin/Pico_SDK_v1.5.0/pico-sdk/src/common/pico_time/time.c.obj
 .debug_info    0x0000be10     0x13ee CMakeFiles/blink.dir/C_/bin/Pico_SDK_v1.5.0/pico-sdk/src/rp2_common/hardware_timer/timer.c.obj
 .debug_info    0x0000d1fe     0x123b CMakeFiles/blink.dir/C_/bin/Pico_SDK_v1.5.0/pico-sdk/src/common/pico_util/pheap.c.obj
 .debug_info    0x0000e439      0xb65 CMakeFiles/blink.dir/C_/bin/Pico_SDK_v1.5.0/pico-sdk/src/rp2_common/hardware_uart/uart.c.obj
 .debug_info    0x0000ef9e      0xf8d CMakeFiles/blink.dir/C_/bin/Pico_SDK_v1.5.0/pico-sdk/src/rp2_common/hardware_clocks/clocks.c.obj
 .debug_info    0x0000ff2b      0x51b CMakeFiles/blink.dir/C_/bin/Pico_SDK_v1.5.0/pico-sdk/src/rp2_common/hardware_pll/pll.c.obj
 .debug_info    0x00010446      0x4ee CMakeFiles/blink.dir/C_/bin/Pico_SDK_v1.5.0/pico-sdk/src/rp2_common/hardware_watchdog/watchdog.c.obj
 .debug_info    0x00010934      0x1d8 CMakeFiles/blink.dir/C_/bin/Pico_SDK_v1.5.0/pico-sdk/src/rp2_common/hardware_xosc/xosc.c.obj
 .debug_info    0x00010b0c     0x1028 CMakeFiles/blink.dir/C_/bin/Pico_SDK_v1.5.0/pico-sdk/src/rp2_common/pico_runtime/runtime.c.obj
 .debug_info    0x00011b34     0x1a5f CMakeFiles/blink.dir/C_/bin/Pico_SDK_v1.5.0/pico-sdk/src/rp2_common/pico_printf/printf.c.obj
 .debug_info    0x00013593       0x22 CMakeFiles/blink.dir/C_/bin/Pico_SDK_v1.5.0/pico-sdk/src/rp2_common/pico_bit_ops/bit_ops_aeabi.S.obj
 .debug_info    0x000135b5      0x27c CMakeFiles/blink.dir/C_/bin/Pico_SDK_v1.5.0/pico-sdk/src/rp2_common/pico_bootrom/bootrom.c.obj
 .debug_info    0x00013831       0x22 CMakeFiles/blink.dir/C_/bin/Pico_SDK_v1.5.0/pico-sdk/src/rp2_common/pico_divider/divider.S.obj
 .debug_info    0x00013853       0x22 CMakeFiles/blink.dir/C_/bin/Pico_SDK_v1.5.0/pico-sdk/src/rp2_common/pico_double/double_aeabi.S.obj
 .debug_info    0x00013875      0x2fb CMakeFiles/blink.dir/C_/bin/Pico_SDK_v1.5.0/pico-sdk/src/rp2_common/pico_double/double_init_rom.c.obj
 .debug_info    0x00013b70       0x26 CMakeFiles/blink.dir/C_/bin/Pico_SDK_v1.5.0/pico-sdk/src/rp2_common/pico_double/double_v1_rom_shim.S.obj
 .debug_info    0x00013b96       0x26 CMakeFiles/blink.dir/C_/bin/Pico_SDK_v1.5.0/pico-sdk/src/rp2_common/pico_int64_ops/pico_int64_ops_aeabi.S.obj
 .debug_info    0x00013bbc       0x22 CMakeFiles/blink.dir/C_/bin/Pico_SDK_v1.5.0/pico-sdk/src/rp2_common/pico_float/float_aeabi.S.obj
 .debug_info    0x00013bde      0x2d8 CMakeFiles/blink.dir/C_/bin/Pico_SDK_v1.5.0/pico-sdk/src/rp2_common/pico_float/float_init_rom.c.obj
 .debug_info    0x00013eb6       0x22 CMakeFiles/blink.dir/C_/bin/Pico_SDK_v1.5.0/pico-sdk/src/rp2_common/pico_mem_ops/mem_ops_aeabi.S.obj
 .debug_info    0x00013ed8       0x22 CMakeFiles/blink.dir/C_/bin/Pico_SDK_v1.5.0/pico-sdk/src/rp2_common/pico_standard_link/crt0.S.obj
 .debug_info    0x00013efa      0x2f6 CMakeFiles/blink.dir/C_/bin/Pico_SDK_v1.5.0/pico-sdk/src/rp2_common/pico_standard_link/binary_info.c.obj
 .debug_info    0x000141f0     0x1821 CMakeFiles/blink.dir/C_/bin/Pico_SDK_v1.5.0/pico-sdk/src/rp2_common/pico_stdio/stdio.c.obj
 .debug_info    0x00015a11     0x1044 CMakeFiles/blink.dir/C_/bin/Pico_SDK_v1.5.0/pico-sdk/src/rp2_common/pico_stdio_uart/stdio_uart.c.obj

.debug_abbrev   0x00000000     0x43b1
 .debug_abbrev  0x00000000      0x3b9 CMakeFiles/blink.dir/main.c.obj
 .debug_abbrev  0x000003b9      0x339 CMakeFiles/blink.dir/C_/bin/Pico_SDK_v1.5.0/pico-sdk/src/rp2_common/hardware_gpio/gpio.c.obj
 .debug_abbrev  0x000006f2       0xeb CMakeFiles/blink.dir/C_/bin/Pico_SDK_v1.5.0/pico-sdk/src/rp2_common/pico_platform/platform.c.obj
 .debug_abbrev  0x000007dd      0x2e9 CMakeFiles/blink.dir/C_/bin/Pico_SDK_v1.5.0/pico-sdk/src/rp2_common/hardware_claim/claim.c.obj
 .debug_abbrev  0x00000ac6      0x21b CMakeFiles/blink.dir/C_/bin/Pico_SDK_v1.5.0/pico-sdk/src/rp2_common/hardware_sync/sync.c.obj
 .debug_abbrev  0x00000ce1      0x4e7 CMakeFiles/blink.dir/C_/bin/Pico_SDK_v1.5.0/pico-sdk/src/rp2_common/hardware_irq/irq.c.obj
 .debug_abbrev  0x000011c8      0x116 CMakeFiles/blink.dir/C_/bin/Pico_SDK_v1.5.0/pico-sdk/src/common/pico_sync/lock_core.c.obj
 .debug_abbrev  0x000012de      0x397 CMakeFiles/blink.dir/C_/bin/Pico_SDK_v1.5.0/pico-sdk/src/common/pico_sync/mutex.c.obj
 .debug_abbrev  0x00001675      0x571 CMakeFiles/blink.dir/C_/bin/Pico_SDK_v1.5.0/pico-sdk/src/common/pico_time/time.c.obj
 .debug_abbrev  0x00001be6      0x3b8 CMakeFiles/blink.dir/C_/bin/Pico_SDK_v1.5.0/pico-sdk/src/rp2_common/hardware_timer/timer.c.obj
 .debug_abbrev  0x00001f9e      0x297 CMakeFiles/blink.dir/C_/bin/Pico_SDK_v1.5.0/pico-sdk/src/common/pico_util/pheap.c.obj
 .debug_abbrev  0x00002235      0x2d2 CMakeFiles/blink.dir/C_/bin/Pico_SDK_v1.5.0/pico-sdk/src/rp2_common/hardware_uart/uart.c.obj
 .debug_abbrev  0x00002507      0x3a5 CMakeFiles/blink.dir/C_/bin/Pico_SDK_v1.5.0/pico-sdk/src/rp2_common/hardware_clocks/clocks.c.obj
 .debug_abbrev  0x000028ac      0x1ea CMakeFiles/blink.dir/C_/bin/Pico_SDK_v1.5.0/pico-sdk/src/rp2_common/hardware_pll/pll.c.obj
 .debug_abbrev  0x00002a96      0x1a8 CMakeFiles/blink.dir/C_/bin/Pico_SDK_v1.5.0/pico-sdk/src/rp2_common/hardware_watchdog/watchdog.c.obj
 .debug_abbrev  0x00002c3e      0x109 CMakeFiles/blink.dir/C_/bin/Pico_SDK_v1.5.0/pico-sdk/src/rp2_common/hardware_xosc/xosc.c.obj
 .debug_abbrev  0x00002d47      0x4ba CMakeFiles/blink.dir/C_/bin/Pico_SDK_v1.5.0/pico-sdk/src/rp2_common/pico_runtime/runtime.c.obj
 .debug_abbrev  0x00003201      0x384 CMakeFiles/blink.dir/C_/bin/Pico_SDK_v1.5.0/pico-sdk/src/rp2_common/pico_printf/printf.c.obj
 .debug_abbrev  0x00003585       0x12 CMakeFiles/blink.dir/C_/bin/Pico_SDK_v1.5.0/pico-sdk/src/rp2_common/pico_bit_ops/bit_ops_aeabi.S.obj
 .debug_abbrev  0x00003597      0x13b CMakeFiles/blink.dir/C_/bin/Pico_SDK_v1.5.0/pico-sdk/src/rp2_common/pico_bootrom/bootrom.c.obj
 .debug_abbrev  0x000036d2       0x12 CMakeFiles/blink.dir/C_/bin/Pico_SDK_v1.5.0/pico-sdk/src/rp2_common/pico_divider/divider.S.obj
 .debug_abbrev  0x000036e4       0x12 CMakeFiles/blink.dir/C_/bin/Pico_SDK_v1.5.0/pico-sdk/src/rp2_common/pico_double/double_aeabi.S.obj
 .debug_abbrev  0x000036f6      0x196 CMakeFiles/blink.dir/C_/bin/Pico_SDK_v1.5.0/pico-sdk/src/rp2_common/pico_double/double_init_rom.c.obj
 .debug_abbrev  0x0000388c       0x14 CMakeFiles/blink.dir/C_/bin/Pico_SDK_v1.5.0/pico-sdk/src/rp2_common/pico_double/double_v1_rom_shim.S.obj
 .debug_abbrev  0x000038a0       0x14 CMakeFiles/blink.dir/C_/bin/Pico_SDK_v1.5.0/pico-sdk/src/rp2_common/pico_int64_ops/pico_int64_ops_aeabi.S.obj
 .debug_abbrev  0x000038b4       0x12 CMakeFiles/blink.dir/C_/bin/Pico_SDK_v1.5.0/pico-sdk/src/rp2_common/pico_float/float_aeabi.S.obj
 .debug_abbrev  0x000038c6      0x18d CMakeFiles/blink.dir/C_/bin/Pico_SDK_v1.5.0/pico-sdk/src/rp2_common/pico_float/float_init_rom.c.obj
 .debug_abbrev  0x00003a53       0x12 CMakeFiles/blink.dir/C_/bin/Pico_SDK_v1.5.0/pico-sdk/src/rp2_common/pico_mem_ops/mem_ops_aeabi.S.obj
 .debug_abbrev  0x00003a65       0x12 CMakeFiles/blink.dir/C_/bin/Pico_SDK_v1.5.0/pico-sdk/src/rp2_common/pico_standard_link/crt0.S.obj
 .debug_abbrev  0x00003a77       0xad CMakeFiles/blink.dir/C_/bin/Pico_SDK_v1.5.0/pico-sdk/src/rp2_common/pico_standard_link/binary_info.c.obj
 .debug_abbrev  0x00003b24      0x4a5 CMakeFiles/blink.dir/C_/bin/Pico_SDK_v1.5.0/pico-sdk/src/rp2_common/pico_stdio/stdio.c.obj
 .debug_abbrev  0x00003fc9      0x3e8 CMakeFiles/blink.dir/C_/bin/Pico_SDK_v1.5.0/pico-sdk/src/rp2_common/pico_stdio_uart/stdio_uart.c.obj

.debug_loc      0x00000000     0xf4bb
 .debug_loc     0x00000000      0xd85 CMakeFiles/blink.dir/main.c.obj
 .debug_loc     0x00000d85     0x118d CMakeFiles/blink.dir/C_/bin/Pico_SDK_v1.5.0/pico-sdk/src/rp2_common/hardware_gpio/gpio.c.obj
 .debug_loc     0x00001f12       0xe9 CMakeFiles/blink.dir/C_/bin/Pico_SDK_v1.5.0/pico-sdk/src/rp2_common/pico_platform/platform.c.obj
 .debug_loc     0x00001ffb      0x45f CMakeFiles/blink.dir/C_/bin/Pico_SDK_v1.5.0/pico-sdk/src/rp2_common/hardware_claim/claim.c.obj
 .debug_loc     0x0000245a      0x233 CMakeFiles/blink.dir/C_/bin/Pico_SDK_v1.5.0/pico-sdk/src/rp2_common/hardware_sync/sync.c.obj
 .debug_loc     0x0000268d     0x13f5 CMakeFiles/blink.dir/C_/bin/Pico_SDK_v1.5.0/pico-sdk/src/rp2_common/hardware_irq/irq.c.obj
 .debug_loc     0x00003a82       0x60 CMakeFiles/blink.dir/C_/bin/Pico_SDK_v1.5.0/pico-sdk/src/common/pico_sync/lock_core.c.obj
 .debug_loc     0x00003ae2     0x152e CMakeFiles/blink.dir/C_/bin/Pico_SDK_v1.5.0/pico-sdk/src/common/pico_sync/mutex.c.obj
 .debug_loc     0x00005010     0x31cb CMakeFiles/blink.dir/C_/bin/Pico_SDK_v1.5.0/pico-sdk/src/common/pico_time/time.c.obj
 .debug_loc     0x000081db      0xacb CMakeFiles/blink.dir/C_/bin/Pico_SDK_v1.5.0/pico-sdk/src/rp2_common/hardware_timer/timer.c.obj
 .debug_loc     0x00008ca6     0x1446 CMakeFiles/blink.dir/C_/bin/Pico_SDK_v1.5.0/pico-sdk/src/common/pico_util/pheap.c.obj
 .debug_loc     0x0000a0ec      0x533 CMakeFiles/blink.dir/C_/bin/Pico_SDK_v1.5.0/pico-sdk/src/rp2_common/hardware_uart/uart.c.obj
 .debug_loc     0x0000a61f      0x81d CMakeFiles/blink.dir/C_/bin/Pico_SDK_v1.5.0/pico-sdk/src/rp2_common/hardware_clocks/clocks.c.obj
 .debug_loc     0x0000ae3c      0x2f3 CMakeFiles/blink.dir/C_/bin/Pico_SDK_v1.5.0/pico-sdk/src/rp2_common/hardware_pll/pll.c.obj
 .debug_loc     0x0000b12f      0x2ec CMakeFiles/blink.dir/C_/bin/Pico_SDK_v1.5.0/pico-sdk/src/rp2_common/hardware_watchdog/watchdog.c.obj
 .debug_loc     0x0000b41b       0x71 CMakeFiles/blink.dir/C_/bin/Pico_SDK_v1.5.0/pico-sdk/src/rp2_common/hardware_xosc/xosc.c.obj
 .debug_loc     0x0000b48c      0x674 CMakeFiles/blink.dir/C_/bin/Pico_SDK_v1.5.0/pico-sdk/src/rp2_common/pico_runtime/runtime.c.obj
 .debug_loc     0x0000bb00     0x2095 CMakeFiles/blink.dir/C_/bin/Pico_SDK_v1.5.0/pico-sdk/src/rp2_common/pico_printf/printf.c.obj
 .debug_loc     0x0000db95      0x1a1 CMakeFiles/blink.dir/C_/bin/Pico_SDK_v1.5.0/pico-sdk/src/rp2_common/pico_bootrom/bootrom.c.obj
 .debug_loc     0x0000dd36       0x59 CMakeFiles/blink.dir/C_/bin/Pico_SDK_v1.5.0/pico-sdk/src/rp2_common/pico_double/double_init_rom.c.obj
 .debug_loc     0x0000dd8f       0x81 CMakeFiles/blink.dir/C_/bin/Pico_SDK_v1.5.0/pico-sdk/src/rp2_common/pico_float/float_init_rom.c.obj
 .debug_loc     0x0000de10      0xe23 CMakeFiles/blink.dir/C_/bin/Pico_SDK_v1.5.0/pico-sdk/src/rp2_common/pico_stdio/stdio.c.obj
 .debug_loc     0x0000ec33      0x888 CMakeFiles/blink.dir/C_/bin/Pico_SDK_v1.5.0/pico-sdk/src/rp2_common/pico_stdio_uart/stdio_uart.c.obj

.debug_aranges  0x00000000      0xdb0
 .debug_aranges
                0x00000000       0x68 CMakeFiles/blink.dir/main.c.obj
 .debug_aranges
                0x00000068      0x100 CMakeFiles/blink.dir/C_/bin/Pico_SDK_v1.5.0/pico-sdk/src/rp2_common/hardware_gpio/gpio.c.obj
 .debug_aranges
                0x00000168       0x28 CMakeFiles/blink.dir/C_/bin/Pico_SDK_v1.5.0/pico-sdk/src/rp2_common/pico_platform/platform.c.obj
 .debug_aranges
                0x00000190       0x48 CMakeFiles/blink.dir/C_/bin/Pico_SDK_v1.5.0/pico-sdk/src/rp2_common/hardware_claim/claim.c.obj
 .debug_aranges
                0x000001d8       0x58 CMakeFiles/blink.dir/C_/bin/Pico_SDK_v1.5.0/pico-sdk/src/rp2_common/hardware_sync/sync.c.obj
 .debug_aranges
                0x00000230       0xc8 CMakeFiles/blink.dir/C_/bin/Pico_SDK_v1.5.0/pico-sdk/src/rp2_common/hardware_irq/irq.c.obj
 .debug_aranges
                0x000002f8       0x20 CMakeFiles/blink.dir/C_/bin/Pico_SDK_v1.5.0/pico-sdk/src/common/pico_sync/lock_core.c.obj
 .debug_aranges
                0x00000318       0x90 CMakeFiles/blink.dir/C_/bin/Pico_SDK_v1.5.0/pico-sdk/src/common/pico_sync/mutex.c.obj
 .debug_aranges
                0x000003a8       0xe8 CMakeFiles/blink.dir/C_/bin/Pico_SDK_v1.5.0/pico-sdk/src/common/pico_time/time.c.obj
 .debug_aranges
                0x00000490       0x88 CMakeFiles/blink.dir/C_/bin/Pico_SDK_v1.5.0/pico-sdk/src/rp2_common/hardware_timer/timer.c.obj
 .debug_aranges
                0x00000518       0x78 CMakeFiles/blink.dir/C_/bin/Pico_SDK_v1.5.0/pico-sdk/src/common/pico_util/pheap.c.obj
 .debug_aranges
                0x00000590       0x40 CMakeFiles/blink.dir/C_/bin/Pico_SDK_v1.5.0/pico-sdk/src/rp2_common/hardware_uart/uart.c.obj
 .debug_aranges
                0x000005d0       0x70 CMakeFiles/blink.dir/C_/bin/Pico_SDK_v1.5.0/pico-sdk/src/rp2_common/hardware_clocks/clocks.c.obj
 .debug_aranges
                0x00000640       0x28 CMakeFiles/blink.dir/C_/bin/Pico_SDK_v1.5.0/pico-sdk/src/rp2_common/hardware_pll/pll.c.obj
 .debug_aranges
                0x00000668       0x58 CMakeFiles/blink.dir/C_/bin/Pico_SDK_v1.5.0/pico-sdk/src/rp2_common/hardware_watchdog/watchdog.c.obj
 .debug_aranges
                0x000006c0       0x30 CMakeFiles/blink.dir/C_/bin/Pico_SDK_v1.5.0/pico-sdk/src/rp2_common/hardware_xosc/xosc.c.obj
 .debug_aranges
                0x000006f0       0x88 CMakeFiles/blink.dir/C_/bin/Pico_SDK_v1.5.0/pico-sdk/src/rp2_common/pico_runtime/runtime.c.obj
 .debug_aranges
                0x00000778       0x90 CMakeFiles/blink.dir/C_/bin/Pico_SDK_v1.5.0/pico-sdk/src/rp2_common/pico_printf/printf.c.obj
 .debug_aranges
                0x00000808       0x68 CMakeFiles/blink.dir/C_/bin/Pico_SDK_v1.5.0/pico-sdk/src/rp2_common/pico_bit_ops/bit_ops_aeabi.S.obj
 .debug_aranges
                0x00000870       0x30 CMakeFiles/blink.dir/C_/bin/Pico_SDK_v1.5.0/pico-sdk/src/rp2_common/pico_bootrom/bootrom.c.obj
 .debug_aranges
                0x000008a0       0x40 CMakeFiles/blink.dir/C_/bin/Pico_SDK_v1.5.0/pico-sdk/src/rp2_common/pico_divider/divider.S.obj
 .debug_aranges
                0x000008e0      0x140 CMakeFiles/blink.dir/C_/bin/Pico_SDK_v1.5.0/pico-sdk/src/rp2_common/pico_double/double_aeabi.S.obj